Archive member included to satisfy reference by file (symbol)

./libelibc.a(crt0.o)          (crt0)
./libelibc.a(stdio.o)         pi.o (printf)
./libelibc.a(stdlib.o)        pi.o (exit)
./libelibc.a(string.o)        ./libelibc.a(stdlib.o) (memset)
./libelibc.a(time.o)          pi.o (clock)
./libelibc.a(uart.o)          ./libelibc.a(stdio.o) (inbyte)
/opt/riscv/lib/gcc/riscv32-unknown-elf/14.2.0/libgcc.a(_udivdi3.o)
                              ./libelibc.a(stdio.o) (__udivdi3)
/opt/riscv/lib/gcc/riscv32-unknown-elf/14.2.0/libgcc.a(adddf3.o)
                              ./libelibc.a(stdio.o) (__adddf3)
/opt/riscv/lib/gcc/riscv32-unknown-elf/14.2.0/libgcc.a(divdf3.o)
                              ./libelibc.a(stdio.o) (__divdf3)
/opt/riscv/lib/gcc/riscv32-unknown-elf/14.2.0/libgcc.a(ledf2.o)
                              ./libelibc.a(stdio.o) (__ltdf2)
/opt/riscv/lib/gcc/riscv32-unknown-elf/14.2.0/libgcc.a(muldf3.o)
                              ./libelibc.a(stdio.o) (__muldf3)
/opt/riscv/lib/gcc/riscv32-unknown-elf/14.2.0/libgcc.a(subdf3.o)
                              ./libelibc.a(stdio.o) (__subdf3)
/opt/riscv/lib/gcc/riscv32-unknown-elf/14.2.0/libgcc.a(fixunsdfsi.o)
                              ./libelibc.a(stdio.o) (__fixunsdfsi)
/opt/riscv/lib/gcc/riscv32-unknown-elf/14.2.0/libgcc.a(floatunsidf.o)
                              ./libelibc.a(stdio.o) (__floatunsidf)
/opt/riscv/lib/gcc/riscv32-unknown-elf/14.2.0/libgcc.a(fixunsdfdi.o)
                              ./libelibc.a(stdio.o) (__fixunsdfdi)
/opt/riscv/lib/gcc/riscv32-unknown-elf/14.2.0/libgcc.a(addsf3.o)
                              pi.o (__addsf3)
/opt/riscv/lib/gcc/riscv32-unknown-elf/14.2.0/libgcc.a(mulsf3.o)
                              pi.o (__mulsf3)
/opt/riscv/lib/gcc/riscv32-unknown-elf/14.2.0/libgcc.a(fixsfsi.o)
                              pi.o (__fixsfsi)
/opt/riscv/lib/gcc/riscv32-unknown-elf/14.2.0/libgcc.a(floatsisf.o)
                              pi.o (__floatsisf)
/opt/riscv/lib/gcc/riscv32-unknown-elf/14.2.0/libgcc.a(_ashldi3.o)
                              /opt/riscv/lib/gcc/riscv32-unknown-elf/14.2.0/libgcc.a(fixunsdfdi.o) (__ashldi3)
/opt/riscv/lib/gcc/riscv32-unknown-elf/14.2.0/libgcc.a(_clz.o)
                              /opt/riscv/lib/gcc/riscv32-unknown-elf/14.2.0/libgcc.a(_udivdi3.o) (__clz_tab)
/opt/riscv/lib/gcc/riscv32-unknown-elf/14.2.0/libgcc.a(_clzsi2.o)
                              /opt/riscv/lib/gcc/riscv32-unknown-elf/14.2.0/libgcc.a(adddf3.o) (__clzsi2)

There are no discarded input sections

Memory Configuration

Name             Origin             Length             Attributes
code_ram         0x80001000         0x00007000         xr!rw
data_ram         0x80008000         0x00010000         rw!x
*default*        0x00000000         0xffffffff

Linker script and memory map

                0x00001000                        __stack_size = 0x1000
                0x0000d000                        __heap_size = 0xd000

.text           0x80001000     0x4670
 *(.text*)
 .text          0x80001000      0x608 pi.o
                0x80001000                outp
                0x80001140                add
                0x800011bc                sub
                0x80001240                mul
                0x800012a8                divl
                0x80001300                termno
                0x800013ac                arctan
 .text.startup  0x80001608      0x208 pi.o
                0x80001608                main
 .text          0x80001810       0x30 ./libelibc.a(crt0.o)
                0x80001810                crt0
 .text          0x80001840      0xbf8 ./libelibc.a(stdio.o)
                0x80001840                getchar
                0x80001858                putchar
                0x80001884                fputs
                0x80001914                fgets
                0x800019dc                putd
                0x80001b5c                putx
                0x80001ce4                putld
                0x80001ff4                putf
                0x800021f4                printf
 .text          0x80002438      0x2c4 ./libelibc.a(stdlib.o)
                0x80002438                exit
                0x80002484                malloc
                0x800025b0                free
                0x800025dc                calloc
                0x80002618                atoi
                0x800026b0                abs
                0x800026c0                srand
                0x800026cc                rand
 .text          0x800026fc      0x274 ./libelibc.a(string.o)
                0x800026fc                memcpy
                0x80002720                memmove
                0x8000277c                memset
                0x8000279c                strlen
                0x800027c4                strcpy
                0x800027ec                strncpy
                0x80002850                strcat
                0x80002894                strncat
                0x800028f0                strcmp
                0x8000292c                strncmp
 .text          0x80002970       0xd0 ./libelibc.a(time.o)
                0x80002970                clock
 .text          0x80002a40       0x70 ./libelibc.a(uart.o)
                0x80002a40                inbyte
                0x80002a64                outbyte
 .text          0x80002ab0      0x42c /opt/riscv/lib/gcc/riscv32-unknown-elf/14.2.0/libgcc.a(_udivdi3.o)
                0x80002ab0                __udivdi3
 .text          0x80002edc      0x780 /opt/riscv/lib/gcc/riscv32-unknown-elf/14.2.0/libgcc.a(adddf3.o)
                0x80002edc                __adddf3
 .text          0x8000365c      0x6bc /opt/riscv/lib/gcc/riscv32-unknown-elf/14.2.0/libgcc.a(divdf3.o)
                0x8000365c                __divdf3
 .text          0x80003d18       0xd0 /opt/riscv/lib/gcc/riscv32-unknown-elf/14.2.0/libgcc.a(ledf2.o)
                0x80003d18                __ltdf2
                0x80003d18                __ledf2
 .text          0x80003de8      0x5f4 /opt/riscv/lib/gcc/riscv32-unknown-elf/14.2.0/libgcc.a(muldf3.o)
                0x80003de8                __muldf3
 .text          0x800043dc      0x790 /opt/riscv/lib/gcc/riscv32-unknown-elf/14.2.0/libgcc.a(subdf3.o)
                0x800043dc                __subdf3
 .text          0x80004b6c       0x7c /opt/riscv/lib/gcc/riscv32-unknown-elf/14.2.0/libgcc.a(fixunsdfsi.o)
                0x80004b6c                __fixunsdfsi
 .text          0x80004be8       0x90 /opt/riscv/lib/gcc/riscv32-unknown-elf/14.2.0/libgcc.a(floatunsidf.o)
                0x80004be8                __floatunsidf
 .text          0x80004c78       0xa8 /opt/riscv/lib/gcc/riscv32-unknown-elf/14.2.0/libgcc.a(fixunsdfdi.o)
                0x80004c78                __fixunsdfdi
 .text          0x80004d20      0x430 /opt/riscv/lib/gcc/riscv32-unknown-elf/14.2.0/libgcc.a(addsf3.o)
                0x80004d20                __addsf3
 .text          0x80005150      0x31c /opt/riscv/lib/gcc/riscv32-unknown-elf/14.2.0/libgcc.a(mulsf3.o)
                0x80005150                __mulsf3
 .text          0x8000546c       0x70 /opt/riscv/lib/gcc/riscv32-unknown-elf/14.2.0/libgcc.a(fixsfsi.o)
                0x8000546c                __fixsfsi
 .text          0x800054dc      0x110 /opt/riscv/lib/gcc/riscv32-unknown-elf/14.2.0/libgcc.a(floatsisf.o)
                0x800054dc                __floatsisf
 .text          0x800055ec       0x38 /opt/riscv/lib/gcc/riscv32-unknown-elf/14.2.0/libgcc.a(_ashldi3.o)
                0x800055ec                __ashldi3
 .text          0x80005624        0x0 /opt/riscv/lib/gcc/riscv32-unknown-elf/14.2.0/libgcc.a(_clz.o)
 .text          0x80005624       0x4c /opt/riscv/lib/gcc/riscv32-unknown-elf/14.2.0/libgcc.a(_clzsi2.o)
                0x80005624                __clzsi2

.srodata.cst4   0x80005670       0x14
 .srodata.cst4  0x80005670       0x14 pi.o

.srodata.cst8   0x80005688       0x18
 .srodata.cst8  0x80005688       0x18 ./libelibc.a(stdio.o)

.srodata        0x800056a0        0x8
 .srodata       0x800056a0        0x8 ./libelibc.a(stdlib.o)

.eh_frame       0x800056a8       0x28
 .eh_frame      0x800056a8       0x28 /opt/riscv/lib/gcc/riscv32-unknown-elf/14.2.0/libgcc.a(_udivdi3.o)

.rela.dyn       0x800056d0        0x0
 .rela.sdata    0x800056d0        0x0 pi.o
 .rela.srodata  0x800056d0        0x0 pi.o

.data           0x80008000      0x37c
 *(.data)
 .data          0x80008000        0x0 pi.o
 .data          0x80008000        0x0 ./libelibc.a(crt0.o)
 .data          0x80008000        0x0 ./libelibc.a(stdio.o)
 .data          0x80008000        0x0 ./libelibc.a(stdlib.o)
 .data          0x80008000        0x0 ./libelibc.a(string.o)
 .data          0x80008000        0x0 ./libelibc.a(time.o)
 .data          0x80008000        0x0 ./libelibc.a(uart.o)
 .data          0x80008000        0x0 /opt/riscv/lib/gcc/riscv32-unknown-elf/14.2.0/libgcc.a(_udivdi3.o)
 .data          0x80008000        0x0 /opt/riscv/lib/gcc/riscv32-unknown-elf/14.2.0/libgcc.a(adddf3.o)
 .data          0x80008000        0x0 /opt/riscv/lib/gcc/riscv32-unknown-elf/14.2.0/libgcc.a(divdf3.o)
 .data          0x80008000        0x0 /opt/riscv/lib/gcc/riscv32-unknown-elf/14.2.0/libgcc.a(ledf2.o)
 .data          0x80008000        0x0 /opt/riscv/lib/gcc/riscv32-unknown-elf/14.2.0/libgcc.a(muldf3.o)
 .data          0x80008000        0x0 /opt/riscv/lib/gcc/riscv32-unknown-elf/14.2.0/libgcc.a(subdf3.o)
 .data          0x80008000        0x0 /opt/riscv/lib/gcc/riscv32-unknown-elf/14.2.0/libgcc.a(fixunsdfsi.o)
 .data          0x80008000        0x0 /opt/riscv/lib/gcc/riscv32-unknown-elf/14.2.0/libgcc.a(floatunsidf.o)
 .data          0x80008000        0x0 /opt/riscv/lib/gcc/riscv32-unknown-elf/14.2.0/libgcc.a(fixunsdfdi.o)
 .data          0x80008000        0x0 /opt/riscv/lib/gcc/riscv32-unknown-elf/14.2.0/libgcc.a(addsf3.o)
 .data          0x80008000        0x0 /opt/riscv/lib/gcc/riscv32-unknown-elf/14.2.0/libgcc.a(mulsf3.o)
 .data          0x80008000        0x0 /opt/riscv/lib/gcc/riscv32-unknown-elf/14.2.0/libgcc.a(fixsfsi.o)
 .data          0x80008000        0x0 /opt/riscv/lib/gcc/riscv32-unknown-elf/14.2.0/libgcc.a(floatsisf.o)
 .data          0x80008000        0x0 /opt/riscv/lib/gcc/riscv32-unknown-elf/14.2.0/libgcc.a(_ashldi3.o)
 .data          0x80008000        0x0 /opt/riscv/lib/gcc/riscv32-unknown-elf/14.2.0/libgcc.a(_clz.o)
 .data          0x80008000        0x0 /opt/riscv/lib/gcc/riscv32-unknown-elf/14.2.0/libgcc.a(_clzsi2.o)
 *(.bss)
 .bss           0x80008000        0x0 pi.o
 .bss           0x80008000        0x0 ./libelibc.a(crt0.o)
 .bss           0x80008000        0x0 ./libelibc.a(stdio.o)
 .bss           0x80008000        0x0 ./libelibc.a(stdlib.o)
 .bss           0x80008000        0x0 ./libelibc.a(string.o)
 .bss           0x80008000        0x0 ./libelibc.a(time.o)
 .bss           0x80008000        0x0 ./libelibc.a(uart.o)
 .bss           0x80008000        0x0 /opt/riscv/lib/gcc/riscv32-unknown-elf/14.2.0/libgcc.a(_udivdi3.o)
 .bss           0x80008000        0x0 /opt/riscv/lib/gcc/riscv32-unknown-elf/14.2.0/libgcc.a(adddf3.o)
 .bss           0x80008000        0x0 /opt/riscv/lib/gcc/riscv32-unknown-elf/14.2.0/libgcc.a(divdf3.o)
 .bss           0x80008000        0x0 /opt/riscv/lib/gcc/riscv32-unknown-elf/14.2.0/libgcc.a(ledf2.o)
 .bss           0x80008000        0x0 /opt/riscv/lib/gcc/riscv32-unknown-elf/14.2.0/libgcc.a(muldf3.o)
 .bss           0x80008000        0x0 /opt/riscv/lib/gcc/riscv32-unknown-elf/14.2.0/libgcc.a(subdf3.o)
 .bss           0x80008000        0x0 /opt/riscv/lib/gcc/riscv32-unknown-elf/14.2.0/libgcc.a(fixunsdfsi.o)
 .bss           0x80008000        0x0 /opt/riscv/lib/gcc/riscv32-unknown-elf/14.2.0/libgcc.a(floatunsidf.o)
 .bss           0x80008000        0x0 /opt/riscv/lib/gcc/riscv32-unknown-elf/14.2.0/libgcc.a(fixunsdfdi.o)
 .bss           0x80008000        0x0 /opt/riscv/lib/gcc/riscv32-unknown-elf/14.2.0/libgcc.a(addsf3.o)
 .bss           0x80008000        0x0 /opt/riscv/lib/gcc/riscv32-unknown-elf/14.2.0/libgcc.a(mulsf3.o)
 .bss           0x80008000        0x0 /opt/riscv/lib/gcc/riscv32-unknown-elf/14.2.0/libgcc.a(fixsfsi.o)
 .bss           0x80008000        0x0 /opt/riscv/lib/gcc/riscv32-unknown-elf/14.2.0/libgcc.a(floatsisf.o)
 .bss           0x80008000        0x0 /opt/riscv/lib/gcc/riscv32-unknown-elf/14.2.0/libgcc.a(_ashldi3.o)
 .bss           0x80008000        0x0 /opt/riscv/lib/gcc/riscv32-unknown-elf/14.2.0/libgcc.a(_clz.o)
 .bss           0x80008000        0x0 /opt/riscv/lib/gcc/riscv32-unknown-elf/14.2.0/libgcc.a(_clzsi2.o)
 *(.rodata*)
 .rodata.str1.4
                0x80008000      0x111 pi.o
                                 0x94 (size before relaxing)
 .rodata.str1.4
                0x80008111       0x7d ./libelibc.a(stdio.o)
 *fill*         0x80008111        0x3 
 .rodata        0x80008114       0x84 ./libelibc.a(stdio.o)
 .rodata        0x80008198       0xa8 ./libelibc.a(stdlib.o)
 .rodata        0x80008240       0x3c /opt/riscv/lib/gcc/riscv32-unknown-elf/14.2.0/libgcc.a(divdf3.o)
 .rodata        0x8000827c      0x100 /opt/riscv/lib/gcc/riscv32-unknown-elf/14.2.0/libgcc.a(_clz.o)
                0x8000827c                __clz_tab

.sdata          0x8000837c       0x2c
 .sdata         0x8000837c        0x4 ./libelibc.a(crt0.o)
                0x8000837c                stack_top
 .sdata         0x80008380       0x1c ./libelibc.a(stdio.o)
                0x80008380                stderr
                0x80008384                stdout
                0x80008388                stdin
 .sdata         0x8000839c        0xc ./libelibc.a(stdlib.o)

.sbss           0x800083a8       0x20
 .sbss          0x800083a8       0x14 pi.o
                0x800083a8                trm
                0x800083ac                pwr
                0x800083b0                pi
                0x800083b4                temp
                0x800083b8                one
 .sbss          0x800083bc        0x4 ./libelibc.a(crt0.o)
                0x800083bc                sp_store
 .sbss          0x800083c0        0x8 ./libelibc.a(stdio.o)

.heap           0x800083d0     0xd000
                0x800083d0                        __heap_start = .
                0x800153d0                        . = (. + __heap_size)
 *fill*         0x800083d0     0xd000 

.stack          0x800153d0     0x1000
                0x800163d0                        . = (. + __stack_size)
 *fill*         0x800153d0     0x1000 
                0x800163d0                        __stack_top = .
LOAD pi.o
LOAD ./libelibc.a
LOAD /opt/riscv/lib/gcc/riscv32-unknown-elf/14.2.0/libgcc.a
OUTPUT(pi.elf elf32-littleriscv)

.comment        0x00000000       0x1b
 .comment       0x00000000       0x1b pi.o
                                 0x1c (size before relaxing)
 .comment       0x0000001b       0x1c ./libelibc.a(crt0.o)
 .comment       0x0000001b       0x1c ./libelibc.a(stdio.o)
 .comment       0x0000001b       0x1c ./libelibc.a(stdlib.o)
 .comment       0x0000001b       0x1c ./libelibc.a(string.o)
 .comment       0x0000001b       0x1c ./libelibc.a(time.o)
 .comment       0x0000001b       0x1c ./libelibc.a(uart.o)
 .comment       0x0000001b       0x1c /opt/riscv/lib/gcc/riscv32-unknown-elf/14.2.0/libgcc.a(_udivdi3.o)
 .comment       0x0000001b       0x1c /opt/riscv/lib/gcc/riscv32-unknown-elf/14.2.0/libgcc.a(adddf3.o)
 .comment       0x0000001b       0x1c /opt/riscv/lib/gcc/riscv32-unknown-elf/14.2.0/libgcc.a(divdf3.o)
 .comment       0x0000001b       0x1c /opt/riscv/lib/gcc/riscv32-unknown-elf/14.2.0/libgcc.a(ledf2.o)
 .comment       0x0000001b       0x1c /opt/riscv/lib/gcc/riscv32-unknown-elf/14.2.0/libgcc.a(muldf3.o)
 .comment       0x0000001b       0x1c /opt/riscv/lib/gcc/riscv32-unknown-elf/14.2.0/libgcc.a(subdf3.o)
 .comment       0x0000001b       0x1c /opt/riscv/lib/gcc/riscv32-unknown-elf/14.2.0/libgcc.a(fixunsdfsi.o)
 .comment       0x0000001b       0x1c /opt/riscv/lib/gcc/riscv32-unknown-elf/14.2.0/libgcc.a(floatunsidf.o)
 .comment       0x0000001b       0x1c /opt/riscv/lib/gcc/riscv32-unknown-elf/14.2.0/libgcc.a(fixunsdfdi.o)
 .comment       0x0000001b       0x1c /opt/riscv/lib/gcc/riscv32-unknown-elf/14.2.0/libgcc.a(addsf3.o)
 .comment       0x0000001b       0x1c /opt/riscv/lib/gcc/riscv32-unknown-elf/14.2.0/libgcc.a(mulsf3.o)
 .comment       0x0000001b       0x1c /opt/riscv/lib/gcc/riscv32-unknown-elf/14.2.0/libgcc.a(fixsfsi.o)
 .comment       0x0000001b       0x1c /opt/riscv/lib/gcc/riscv32-unknown-elf/14.2.0/libgcc.a(floatsisf.o)
 .comment       0x0000001b       0x1c /opt/riscv/lib/gcc/riscv32-unknown-elf/14.2.0/libgcc.a(_ashldi3.o)
 .comment       0x0000001b       0x1c /opt/riscv/lib/gcc/riscv32-unknown-elf/14.2.0/libgcc.a(_clz.o)
 .comment       0x0000001b       0x1c /opt/riscv/lib/gcc/riscv32-unknown-elf/14.2.0/libgcc.a(_clzsi2.o)

.note.GNU-stack
                0x00000000        0x0
 .note.GNU-stack
                0x00000000        0x0 pi.o
 .note.GNU-stack
                0x00000000        0x0 ./libelibc.a(crt0.o)
 .note.GNU-stack
                0x00000000        0x0 ./libelibc.a(stdio.o)
 .note.GNU-stack
                0x00000000        0x0 ./libelibc.a(stdlib.o)
 .note.GNU-stack
                0x00000000        0x0 ./libelibc.a(string.o)
 .note.GNU-stack
                0x00000000        0x0 ./libelibc.a(time.o)
 .note.GNU-stack
                0x00000000        0x0 ./libelibc.a(uart.o)
 .note.GNU-stack
                0x00000000        0x0 /opt/riscv/lib/gcc/riscv32-unknown-elf/14.2.0/libgcc.a(_udivdi3.o)
 .note.GNU-stack
                0x00000000        0x0 /opt/riscv/lib/gcc/riscv32-unknown-elf/14.2.0/libgcc.a(adddf3.o)
 .note.GNU-stack
                0x00000000        0x0 /opt/riscv/lib/gcc/riscv32-unknown-elf/14.2.0/libgcc.a(divdf3.o)
 .note.GNU-stack
                0x00000000        0x0 /opt/riscv/lib/gcc/riscv32-unknown-elf/14.2.0/libgcc.a(ledf2.o)
 .note.GNU-stack
                0x00000000        0x0 /opt/riscv/lib/gcc/riscv32-unknown-elf/14.2.0/libgcc.a(muldf3.o)
 .note.GNU-stack
                0x00000000        0x0 /opt/riscv/lib/gcc/riscv32-unknown-elf/14.2.0/libgcc.a(subdf3.o)
 .note.GNU-stack
                0x00000000        0x0 /opt/riscv/lib/gcc/riscv32-unknown-elf/14.2.0/libgcc.a(fixunsdfsi.o)
 .note.GNU-stack
                0x00000000        0x0 /opt/riscv/lib/gcc/riscv32-unknown-elf/14.2.0/libgcc.a(floatunsidf.o)
 .note.GNU-stack
                0x00000000        0x0 /opt/riscv/lib/gcc/riscv32-unknown-elf/14.2.0/libgcc.a(fixunsdfdi.o)
 .note.GNU-stack
                0x00000000        0x0 /opt/riscv/lib/gcc/riscv32-unknown-elf/14.2.0/libgcc.a(addsf3.o)
 .note.GNU-stack
                0x00000000        0x0 /opt/riscv/lib/gcc/riscv32-unknown-elf/14.2.0/libgcc.a(mulsf3.o)
 .note.GNU-stack
                0x00000000        0x0 /opt/riscv/lib/gcc/riscv32-unknown-elf/14.2.0/libgcc.a(fixsfsi.o)
 .note.GNU-stack
                0x00000000        0x0 /opt/riscv/lib/gcc/riscv32-unknown-elf/14.2.0/libgcc.a(floatsisf.o)
 .note.GNU-stack
                0x00000000        0x0 /opt/riscv/lib/gcc/riscv32-unknown-elf/14.2.0/libgcc.a(_ashldi3.o)
 .note.GNU-stack
                0x00000000        0x0 /opt/riscv/lib/gcc/riscv32-unknown-elf/14.2.0/libgcc.a(_clz.o)
 .note.GNU-stack
                0x00000000        0x0 /opt/riscv/lib/gcc/riscv32-unknown-elf/14.2.0/libgcc.a(_clzsi2.o)

.riscv.attributes
                0x00000000       0x5b
 .riscv.attributes
                0x00000000       0x57 pi.o
 .riscv.attributes
                0x00000057       0x57 ./libelibc.a(crt0.o)
 .riscv.attributes
                0x000000ae       0x57 ./libelibc.a(stdio.o)
 .riscv.attributes
                0x00000105       0x57 ./libelibc.a(stdlib.o)
 .riscv.attributes
                0x0000015c       0x57 ./libelibc.a(string.o)
 .riscv.attributes
                0x000001b3       0x5b ./libelibc.a(time.o)
 .riscv.attributes
                0x0000020e       0x57 ./libelibc.a(uart.o)
 .riscv.attributes
                0x00000265       0x57 /opt/riscv/lib/gcc/riscv32-unknown-elf/14.2.0/libgcc.a(_udivdi3.o)
 .riscv.attributes
                0x000002bc       0x57 /opt/riscv/lib/gcc/riscv32-unknown-elf/14.2.0/libgcc.a(adddf3.o)
 .riscv.attributes
                0x00000313       0x57 /opt/riscv/lib/gcc/riscv32-unknown-elf/14.2.0/libgcc.a(divdf3.o)
 .riscv.attributes
                0x0000036a       0x57 /opt/riscv/lib/gcc/riscv32-unknown-elf/14.2.0/libgcc.a(ledf2.o)
 .riscv.attributes
                0x000003c1       0x57 /opt/riscv/lib/gcc/riscv32-unknown-elf/14.2.0/libgcc.a(muldf3.o)
 .riscv.attributes
                0x00000418       0x57 /opt/riscv/lib/gcc/riscv32-unknown-elf/14.2.0/libgcc.a(subdf3.o)
 .riscv.attributes
                0x0000046f       0x57 /opt/riscv/lib/gcc/riscv32-unknown-elf/14.2.0/libgcc.a(fixunsdfsi.o)
 .riscv.attributes
                0x000004c6       0x57 /opt/riscv/lib/gcc/riscv32-unknown-elf/14.2.0/libgcc.a(floatunsidf.o)
 .riscv.attributes
                0x0000051d       0x57 /opt/riscv/lib/gcc/riscv32-unknown-elf/14.2.0/libgcc.a(fixunsdfdi.o)
 .riscv.attributes
                0x00000574       0x57 /opt/riscv/lib/gcc/riscv32-unknown-elf/14.2.0/libgcc.a(addsf3.o)
 .riscv.attributes
                0x000005cb       0x57 /opt/riscv/lib/gcc/riscv32-unknown-elf/14.2.0/libgcc.a(mulsf3.o)
 .riscv.attributes
                0x00000622       0x57 /opt/riscv/lib/gcc/riscv32-unknown-elf/14.2.0/libgcc.a(fixsfsi.o)
 .riscv.attributes
                0x00000679       0x57 /opt/riscv/lib/gcc/riscv32-unknown-elf/14.2.0/libgcc.a(floatsisf.o)
 .riscv.attributes
                0x000006d0       0x57 /opt/riscv/lib/gcc/riscv32-unknown-elf/14.2.0/libgcc.a(_ashldi3.o)
 .riscv.attributes
                0x00000727       0x57 /opt/riscv/lib/gcc/riscv32-unknown-elf/14.2.0/libgcc.a(_clz.o)
 .riscv.attributes
                0x0000077e       0x57 /opt/riscv/lib/gcc/riscv32-unknown-elf/14.2.0/libgcc.a(_clzsi2.o)

.debug_info     0x00000000     0x3472
 .debug_info    0x00000000      0x776 /opt/riscv/lib/gcc/riscv32-unknown-elf/14.2.0/libgcc.a(_udivdi3.o)
 .debug_info    0x00000776      0x4f6 /opt/riscv/lib/gcc/riscv32-unknown-elf/14.2.0/libgcc.a(adddf3.o)
 .debug_info    0x00000c6c      0x683 /opt/riscv/lib/gcc/riscv32-unknown-elf/14.2.0/libgcc.a(divdf3.o)
 .debug_info    0x000012ef      0x220 /opt/riscv/lib/gcc/riscv32-unknown-elf/14.2.0/libgcc.a(ledf2.o)
 .debug_info    0x0000150f      0x6ac /opt/riscv/lib/gcc/riscv32-unknown-elf/14.2.0/libgcc.a(muldf3.o)
 .debug_info    0x00001bbb      0x4f2 /opt/riscv/lib/gcc/riscv32-unknown-elf/14.2.0/libgcc.a(subdf3.o)
 .debug_info    0x000020ad      0x1a9 /opt/riscv/lib/gcc/riscv32-unknown-elf/14.2.0/libgcc.a(fixunsdfsi.o)
 .debug_info    0x00002256      0x25d /opt/riscv/lib/gcc/riscv32-unknown-elf/14.2.0/libgcc.a(floatunsidf.o)
 .debug_info    0x000024b3      0x1c9 /opt/riscv/lib/gcc/riscv32-unknown-elf/14.2.0/libgcc.a(fixunsdfdi.o)
 .debug_info    0x0000267c      0x2e8 /opt/riscv/lib/gcc/riscv32-unknown-elf/14.2.0/libgcc.a(addsf3.o)
 .debug_info    0x00002964      0x350 /opt/riscv/lib/gcc/riscv32-unknown-elf/14.2.0/libgcc.a(mulsf3.o)
 .debug_info    0x00002cb4      0x1b1 /opt/riscv/lib/gcc/riscv32-unknown-elf/14.2.0/libgcc.a(fixsfsi.o)
 .debug_info    0x00002e65      0x213 /opt/riscv/lib/gcc/riscv32-unknown-elf/14.2.0/libgcc.a(floatsisf.o)
 .debug_info    0x00003078      0x1b6 /opt/riscv/lib/gcc/riscv32-unknown-elf/14.2.0/libgcc.a(_ashldi3.o)
 .debug_info    0x0000322e       0xed /opt/riscv/lib/gcc/riscv32-unknown-elf/14.2.0/libgcc.a(_clz.o)
 .debug_info    0x0000331b      0x157 /opt/riscv/lib/gcc/riscv32-unknown-elf/14.2.0/libgcc.a(_clzsi2.o)

.debug_abbrev   0x00000000     0x1527
 .debug_abbrev  0x00000000      0x1a6 /opt/riscv/lib/gcc/riscv32-unknown-elf/14.2.0/libgcc.a(_udivdi3.o)
 .debug_abbrev  0x000001a6      0x186 /opt/riscv/lib/gcc/riscv32-unknown-elf/14.2.0/libgcc.a(adddf3.o)
 .debug_abbrev  0x0000032c      0x17c /opt/riscv/lib/gcc/riscv32-unknown-elf/14.2.0/libgcc.a(divdf3.o)
 .debug_abbrev  0x000004a8      0x168 /opt/riscv/lib/gcc/riscv32-unknown-elf/14.2.0/libgcc.a(ledf2.o)
 .debug_abbrev  0x00000610      0x185 /opt/riscv/lib/gcc/riscv32-unknown-elf/14.2.0/libgcc.a(muldf3.o)
 .debug_abbrev  0x00000795      0x186 /opt/riscv/lib/gcc/riscv32-unknown-elf/14.2.0/libgcc.a(subdf3.o)
 .debug_abbrev  0x0000091b      0x162 /opt/riscv/lib/gcc/riscv32-unknown-elf/14.2.0/libgcc.a(fixunsdfsi.o)
 .debug_abbrev  0x00000a7d      0x163 /opt/riscv/lib/gcc/riscv32-unknown-elf/14.2.0/libgcc.a(floatunsidf.o)
 .debug_abbrev  0x00000be0      0x15f /opt/riscv/lib/gcc/riscv32-unknown-elf/14.2.0/libgcc.a(fixunsdfdi.o)
 .debug_abbrev  0x00000d3f      0x17d /opt/riscv/lib/gcc/riscv32-unknown-elf/14.2.0/libgcc.a(addsf3.o)
 .debug_abbrev  0x00000ebc      0x15b /opt/riscv/lib/gcc/riscv32-unknown-elf/14.2.0/libgcc.a(mulsf3.o)
 .debug_abbrev  0x00001017      0x15d /opt/riscv/lib/gcc/riscv32-unknown-elf/14.2.0/libgcc.a(fixsfsi.o)
 .debug_abbrev  0x00001174      0x16d /opt/riscv/lib/gcc/riscv32-unknown-elf/14.2.0/libgcc.a(floatsisf.o)
 .debug_abbrev  0x000012e1      0x10c /opt/riscv/lib/gcc/riscv32-unknown-elf/14.2.0/libgcc.a(_ashldi3.o)
 .debug_abbrev  0x000013ed       0x70 /opt/riscv/lib/gcc/riscv32-unknown-elf/14.2.0/libgcc.a(_clz.o)
 .debug_abbrev  0x0000145d       0xca /opt/riscv/lib/gcc/riscv32-unknown-elf/14.2.0/libgcc.a(_clzsi2.o)

.debug_loclists
                0x00000000     0x3fa6
 .debug_loclists
                0x00000000      0x6b2 /opt/riscv/lib/gcc/riscv32-unknown-elf/14.2.0/libgcc.a(_udivdi3.o)
 .debug_loclists
                0x000006b2      0xa8e /opt/riscv/lib/gcc/riscv32-unknown-elf/14.2.0/libgcc.a(adddf3.o)
 .debug_loclists
                0x00001140      0xa17 /opt/riscv/lib/gcc/riscv32-unknown-elf/14.2.0/libgcc.a(divdf3.o)
 .debug_loclists
                0x00001b57      0x117 /opt/riscv/lib/gcc/riscv32-unknown-elf/14.2.0/libgcc.a(ledf2.o)
 .debug_loclists
                0x00001c6e      0x7bb /opt/riscv/lib/gcc/riscv32-unknown-elf/14.2.0/libgcc.a(muldf3.o)
 .debug_loclists
                0x00002429      0xafd /opt/riscv/lib/gcc/riscv32-unknown-elf/14.2.0/libgcc.a(subdf3.o)
 .debug_loclists
                0x00002f26       0x72 /opt/riscv/lib/gcc/riscv32-unknown-elf/14.2.0/libgcc.a(fixunsdfsi.o)
 .debug_loclists
                0x00002f98       0xc4 /opt/riscv/lib/gcc/riscv32-unknown-elf/14.2.0/libgcc.a(floatunsidf.o)
 .debug_loclists
                0x0000305c      0x122 /opt/riscv/lib/gcc/riscv32-unknown-elf/14.2.0/libgcc.a(fixunsdfdi.o)
 .debug_loclists
                0x0000317e      0x828 /opt/riscv/lib/gcc/riscv32-unknown-elf/14.2.0/libgcc.a(addsf3.o)
 .debug_loclists
                0x000039a6      0x337 /opt/riscv/lib/gcc/riscv32-unknown-elf/14.2.0/libgcc.a(mulsf3.o)
 .debug_loclists
                0x00003cdd       0x89 /opt/riscv/lib/gcc/riscv32-unknown-elf/14.2.0/libgcc.a(fixsfsi.o)
 .debug_loclists
                0x00003d66      0x191 /opt/riscv/lib/gcc/riscv32-unknown-elf/14.2.0/libgcc.a(floatsisf.o)
 .debug_loclists
                0x00003ef7       0x6b /opt/riscv/lib/gcc/riscv32-unknown-elf/14.2.0/libgcc.a(_ashldi3.o)
 .debug_loclists
                0x00003f62       0x44 /opt/riscv/lib/gcc/riscv32-unknown-elf/14.2.0/libgcc.a(_clzsi2.o)

.debug_aranges  0x00000000      0x1f8
 .debug_aranges
                0x00000000       0x20 /opt/riscv/lib/gcc/riscv32-unknown-elf/14.2.0/libgcc.a(_udivdi3.o)
 .debug_aranges
                0x00000020       0x20 /opt/riscv/lib/gcc/riscv32-unknown-elf/14.2.0/libgcc.a(adddf3.o)
 .debug_aranges
                0x00000040       0x20 /opt/riscv/lib/gcc/riscv32-unknown-elf/14.2.0/libgcc.a(divdf3.o)
 .debug_aranges
                0x00000060       0x20 /opt/riscv/lib/gcc/riscv32-unknown-elf/14.2.0/libgcc.a(ledf2.o)
 .debug_aranges
                0x00000080       0x20 /opt/riscv/lib/gcc/riscv32-unknown-elf/14.2.0/libgcc.a(muldf3.o)
 .debug_aranges
                0x000000a0       0x20 /opt/riscv/lib/gcc/riscv32-unknown-elf/14.2.0/libgcc.a(subdf3.o)
 .debug_aranges
                0x000000c0       0x20 /opt/riscv/lib/gcc/riscv32-unknown-elf/14.2.0/libgcc.a(fixunsdfsi.o)
 .debug_aranges
                0x000000e0       0x20 /opt/riscv/lib/gcc/riscv32-unknown-elf/14.2.0/libgcc.a(floatunsidf.o)
 .debug_aranges
                0x00000100       0x20 /opt/riscv/lib/gcc/riscv32-unknown-elf/14.2.0/libgcc.a(fixunsdfdi.o)
 .debug_aranges
                0x00000120       0x20 /opt/riscv/lib/gcc/riscv32-unknown-elf/14.2.0/libgcc.a(addsf3.o)
 .debug_aranges
                0x00000140       0x20 /opt/riscv/lib/gcc/riscv32-unknown-elf/14.2.0/libgcc.a(mulsf3.o)
 .debug_aranges
                0x00000160       0x20 /opt/riscv/lib/gcc/riscv32-unknown-elf/14.2.0/libgcc.a(fixsfsi.o)
 .debug_aranges
                0x00000180       0x20 /opt/riscv/lib/gcc/riscv32-unknown-elf/14.2.0/libgcc.a(floatsisf.o)
 .debug_aranges
                0x000001a0       0x20 /opt/riscv/lib/gcc/riscv32-unknown-elf/14.2.0/libgcc.a(_ashldi3.o)
 .debug_aranges
                0x000001c0       0x18 /opt/riscv/lib/gcc/riscv32-unknown-elf/14.2.0/libgcc.a(_clz.o)
 .debug_aranges
                0x000001d8       0x20 /opt/riscv/lib/gcc/riscv32-unknown-elf/14.2.0/libgcc.a(_clzsi2.o)

.debug_rnglists
                0x00000000      0x6c4
 .debug_rnglists
                0x00000000       0x8f /opt/riscv/lib/gcc/riscv32-unknown-elf/14.2.0/libgcc.a(_udivdi3.o)
 .debug_rnglists
                0x0000008f       0xf2 /opt/riscv/lib/gcc/riscv32-unknown-elf/14.2.0/libgcc.a(adddf3.o)
 .debug_rnglists
                0x00000181       0xce /opt/riscv/lib/gcc/riscv32-unknown-elf/14.2.0/libgcc.a(divdf3.o)
 .debug_rnglists
                0x0000024f       0x33 /opt/riscv/lib/gcc/riscv32-unknown-elf/14.2.0/libgcc.a(ledf2.o)
 .debug_rnglists
                0x00000282      0x149 /opt/riscv/lib/gcc/riscv32-unknown-elf/14.2.0/libgcc.a(muldf3.o)
 .debug_rnglists
                0x000003cb       0xf2 /opt/riscv/lib/gcc/riscv32-unknown-elf/14.2.0/libgcc.a(subdf3.o)
 .debug_rnglists
                0x000004bd       0x16 /opt/riscv/lib/gcc/riscv32-unknown-elf/14.2.0/libgcc.a(fixunsdfsi.o)
 .debug_rnglists
                0x000004d3       0x2d /opt/riscv/lib/gcc/riscv32-unknown-elf/14.2.0/libgcc.a(floatunsidf.o)
 .debug_rnglists
                0x00000500       0x21 /opt/riscv/lib/gcc/riscv32-unknown-elf/14.2.0/libgcc.a(fixunsdfdi.o)
 .debug_rnglists
                0x00000521       0xce /opt/riscv/lib/gcc/riscv32-unknown-elf/14.2.0/libgcc.a(addsf3.o)
 .debug_rnglists
                0x000005ef       0x63 /opt/riscv/lib/gcc/riscv32-unknown-elf/14.2.0/libgcc.a(mulsf3.o)
 .debug_rnglists
                0x00000652       0x13 /opt/riscv/lib/gcc/riscv32-unknown-elf/14.2.0/libgcc.a(fixsfsi.o)
 .debug_rnglists
                0x00000665       0x49 /opt/riscv/lib/gcc/riscv32-unknown-elf/14.2.0/libgcc.a(floatsisf.o)
 .debug_rnglists
                0x000006ae       0x16 /opt/riscv/lib/gcc/riscv32-unknown-elf/14.2.0/libgcc.a(_clzsi2.o)

.debug_line     0x00000000     0x7704
 .debug_line    0x00000000      0x97b /opt/riscv/lib/gcc/riscv32-unknown-elf/14.2.0/libgcc.a(_udivdi3.o)
 .debug_line    0x0000097b     0x1377 /opt/riscv/lib/gcc/riscv32-unknown-elf/14.2.0/libgcc.a(adddf3.o)
 .debug_line    0x00001cf2     0x110e /opt/riscv/lib/gcc/riscv32-unknown-elf/14.2.0/libgcc.a(divdf3.o)
 .debug_line    0x00002e00      0x347 /opt/riscv/lib/gcc/riscv32-unknown-elf/14.2.0/libgcc.a(ledf2.o)
 .debug_line    0x00003147      0xf02 /opt/riscv/lib/gcc/riscv32-unknown-elf/14.2.0/libgcc.a(muldf3.o)
 .debug_line    0x00004049     0x1384 /opt/riscv/lib/gcc/riscv32-unknown-elf/14.2.0/libgcc.a(subdf3.o)
 .debug_line    0x000053cd      0x1bb /opt/riscv/lib/gcc/riscv32-unknown-elf/14.2.0/libgcc.a(fixunsdfsi.o)
 .debug_line    0x00005588      0x223 /opt/riscv/lib/gcc/riscv32-unknown-elf/14.2.0/libgcc.a(floatunsidf.o)
 .debug_line    0x000057ab      0x251 /opt/riscv/lib/gcc/riscv32-unknown-elf/14.2.0/libgcc.a(fixunsdfdi.o)
 .debug_line    0x000059fc      0xd4c /opt/riscv/lib/gcc/riscv32-unknown-elf/14.2.0/libgcc.a(addsf3.o)
 .debug_line    0x00006748      0x810 /opt/riscv/lib/gcc/riscv32-unknown-elf/14.2.0/libgcc.a(mulsf3.o)
 .debug_line    0x00006f58      0x211 /opt/riscv/lib/gcc/riscv32-unknown-elf/14.2.0/libgcc.a(fixsfsi.o)
 .debug_line    0x00007169      0x37a /opt/riscv/lib/gcc/riscv32-unknown-elf/14.2.0/libgcc.a(floatsisf.o)
 .debug_line    0x000074e3      0x107 /opt/riscv/lib/gcc/riscv32-unknown-elf/14.2.0/libgcc.a(_ashldi3.o)
 .debug_line    0x000075ea       0x3f /opt/riscv/lib/gcc/riscv32-unknown-elf/14.2.0/libgcc.a(_clz.o)
 .debug_line    0x00007629       0xdb /opt/riscv/lib/gcc/riscv32-unknown-elf/14.2.0/libgcc.a(_clzsi2.o)

.debug_str      0x00000000      0x888
 .debug_str     0x00000000      0x888 /opt/riscv/lib/gcc/riscv32-unknown-elf/14.2.0/libgcc.a(_udivdi3.o)
                                0x27d (size before relaxing)
 .debug_str     0x00000888      0x2b7 /opt/riscv/lib/gcc/riscv32-unknown-elf/14.2.0/libgcc.a(adddf3.o)
 .debug_str     0x00000888      0x379 /opt/riscv/lib/gcc/riscv32-unknown-elf/14.2.0/libgcc.a(divdf3.o)
 .debug_str     0x00000888      0x1ed /opt/riscv/lib/gcc/riscv32-unknown-elf/14.2.0/libgcc.a(ledf2.o)
 .debug_str     0x00000888      0x3d1 /opt/riscv/lib/gcc/riscv32-unknown-elf/14.2.0/libgcc.a(muldf3.o)
 .debug_str     0x00000888      0x2b7 /opt/riscv/lib/gcc/riscv32-unknown-elf/14.2.0/libgcc.a(subdf3.o)
 .debug_str     0x00000888      0x1c0 /opt/riscv/lib/gcc/riscv32-unknown-elf/14.2.0/libgcc.a(fixunsdfsi.o)
 .debug_str     0x00000888      0x25c /opt/riscv/lib/gcc/riscv32-unknown-elf/14.2.0/libgcc.a(floatunsidf.o)
 .debug_str     0x00000888      0x1ca /opt/riscv/lib/gcc/riscv32-unknown-elf/14.2.0/libgcc.a(fixunsdfdi.o)
 .debug_str     0x00000888      0x27a /opt/riscv/lib/gcc/riscv32-unknown-elf/14.2.0/libgcc.a(addsf3.o)
 .debug_str     0x00000888      0x29f /opt/riscv/lib/gcc/riscv32-unknown-elf/14.2.0/libgcc.a(mulsf3.o)
 .debug_str     0x00000888      0x1b2 /opt/riscv/lib/gcc/riscv32-unknown-elf/14.2.0/libgcc.a(fixsfsi.o)
 .debug_str     0x00000888      0x242 /opt/riscv/lib/gcc/riscv32-unknown-elf/14.2.0/libgcc.a(floatsisf.o)
 .debug_str     0x00000888      0x207 /opt/riscv/lib/gcc/riscv32-unknown-elf/14.2.0/libgcc.a(_ashldi3.o)
 .debug_str     0x00000888      0x1ca /opt/riscv/lib/gcc/riscv32-unknown-elf/14.2.0/libgcc.a(_clz.o)
 .debug_str     0x00000888      0x1e7 /opt/riscv/lib/gcc/riscv32-unknown-elf/14.2.0/libgcc.a(_clzsi2.o)

.debug_line_str
                0x00000000      0x2cf
 .debug_line_str
                0x00000000      0x2cf /opt/riscv/lib/gcc/riscv32-unknown-elf/14.2.0/libgcc.a(_udivdi3.o)
                                0x116 (size before relaxing)
 .debug_line_str
                0x000002cf      0x122 /opt/riscv/lib/gcc/riscv32-unknown-elf/14.2.0/libgcc.a(adddf3.o)
 .debug_line_str
                0x000002cf      0x12c /opt/riscv/lib/gcc/riscv32-unknown-elf/14.2.0/libgcc.a(divdf3.o)
 .debug_line_str
                0x000002cf      0x12f /opt/riscv/lib/gcc/riscv32-unknown-elf/14.2.0/libgcc.a(ledf2.o)
 .debug_line_str
                0x000002cf      0x12c /opt/riscv/lib/gcc/riscv32-unknown-elf/14.2.0/libgcc.a(muldf3.o)
 .debug_line_str
                0x000002cf      0x122 /opt/riscv/lib/gcc/riscv32-unknown-elf/14.2.0/libgcc.a(subdf3.o)
 .debug_line_str
                0x000002cf      0x138 /opt/riscv/lib/gcc/riscv32-unknown-elf/14.2.0/libgcc.a(fixunsdfsi.o)
 .debug_line_str
                0x000002cf      0x13b /opt/riscv/lib/gcc/riscv32-unknown-elf/14.2.0/libgcc.a(floatunsidf.o)
 .debug_line_str
                0x000002cf      0x138 /opt/riscv/lib/gcc/riscv32-unknown-elf/14.2.0/libgcc.a(fixunsdfdi.o)
 .debug_line_str
                0x000002cf      0x122 /opt/riscv/lib/gcc/riscv32-unknown-elf/14.2.0/libgcc.a(addsf3.o)
 .debug_line_str
                0x000002cf      0x12c /opt/riscv/lib/gcc/riscv32-unknown-elf/14.2.0/libgcc.a(mulsf3.o)
 .debug_line_str
                0x000002cf      0x12f /opt/riscv/lib/gcc/riscv32-unknown-elf/14.2.0/libgcc.a(fixsfsi.o)
 .debug_line_str
                0x000002cf      0x135 /opt/riscv/lib/gcc/riscv32-unknown-elf/14.2.0/libgcc.a(floatsisf.o)
 .debug_line_str
                0x000002cf      0x116 /opt/riscv/lib/gcc/riscv32-unknown-elf/14.2.0/libgcc.a(_ashldi3.o)
 .debug_line_str
                0x000002cf      0x116 /opt/riscv/lib/gcc/riscv32-unknown-elf/14.2.0/libgcc.a(_clz.o)
 .debug_line_str
                0x000002cf      0x116 /opt/riscv/lib/gcc/riscv32-unknown-elf/14.2.0/libgcc.a(_clzsi2.o)

.debug_frame    0x00000000      0x31c
 .debug_frame   0x00000000       0x4c /opt/riscv/lib/gcc/riscv32-unknown-elf/14.2.0/libgcc.a(adddf3.o)
 .debug_frame   0x0000004c       0x5c /opt/riscv/lib/gcc/riscv32-unknown-elf/14.2.0/libgcc.a(divdf3.o)
 .debug_frame   0x000000a8       0x20 /opt/riscv/lib/gcc/riscv32-unknown-elf/14.2.0/libgcc.a(ledf2.o)
 .debug_frame   0x000000c8       0x5c /opt/riscv/lib/gcc/riscv32-unknown-elf/14.2.0/libgcc.a(muldf3.o)
 .debug_frame   0x00000124       0x4c /opt/riscv/lib/gcc/riscv32-unknown-elf/14.2.0/libgcc.a(subdf3.o)
 .debug_frame   0x00000170       0x20 /opt/riscv/lib/gcc/riscv32-unknown-elf/14.2.0/libgcc.a(fixunsdfsi.o)
 .debug_frame   0x00000190       0x3c /opt/riscv/lib/gcc/riscv32-unknown-elf/14.2.0/libgcc.a(floatunsidf.o)
 .debug_frame   0x000001cc       0x2c /opt/riscv/lib/gcc/riscv32-unknown-elf/14.2.0/libgcc.a(fixunsdfdi.o)
 .debug_frame   0x000001f8       0x40 /opt/riscv/lib/gcc/riscv32-unknown-elf/14.2.0/libgcc.a(addsf3.o)
 .debug_frame   0x00000238       0x4c /opt/riscv/lib/gcc/riscv32-unknown-elf/14.2.0/libgcc.a(mulsf3.o)
 .debug_frame   0x00000284       0x20 /opt/riscv/lib/gcc/riscv32-unknown-elf/14.2.0/libgcc.a(fixsfsi.o)
 .debug_frame   0x000002a4       0x38 /opt/riscv/lib/gcc/riscv32-unknown-elf/14.2.0/libgcc.a(floatsisf.o)
 .debug_frame   0x000002dc       0x20 /opt/riscv/lib/gcc/riscv32-unknown-elf/14.2.0/libgcc.a(_ashldi3.o)
 .debug_frame   0x000002fc       0x20 /opt/riscv/lib/gcc/riscv32-unknown-elf/14.2.0/libgcc.a(_clzsi2.o)
