Archive member included to satisfy reference by file (symbol)

./libelibc.a(crt0.o)          (crt0)
./libelibc.a(stdio.o)         dhry_1.o (printf)
./libelibc.a(stdlib.o)        dhry_1.o (malloc)
./libelibc.a(string.o)        ./libelibc.a(stdlib.o) (memset)
./libelibc.a(time.o)          dhry_1.o (clock)
./libelibc.a(uart.o)          ./libelibc.a(stdio.o) (inbyte)
/opt/riscv/lib/gcc/riscv32-unknown-elf/14.2.0/libgcc.a(_udivdi3.o)
                              ./libelibc.a(stdio.o) (__udivdi3)
/opt/riscv/lib/gcc/riscv32-unknown-elf/14.2.0/libgcc.a(adddf3.o)
                              ./libelibc.a(stdio.o) (__adddf3)
/opt/riscv/lib/gcc/riscv32-unknown-elf/14.2.0/libgcc.a(divdf3.o)
                              dhry_1.o (__divdf3)
/opt/riscv/lib/gcc/riscv32-unknown-elf/14.2.0/libgcc.a(ledf2.o)
                              ./libelibc.a(stdio.o) (__ltdf2)
/opt/riscv/lib/gcc/riscv32-unknown-elf/14.2.0/libgcc.a(muldf3.o)
                              dhry_1.o (__muldf3)
/opt/riscv/lib/gcc/riscv32-unknown-elf/14.2.0/libgcc.a(subdf3.o)
                              ./libelibc.a(stdio.o) (__subdf3)
/opt/riscv/lib/gcc/riscv32-unknown-elf/14.2.0/libgcc.a(fixunsdfsi.o)
                              ./libelibc.a(stdio.o) (__fixunsdfsi)
/opt/riscv/lib/gcc/riscv32-unknown-elf/14.2.0/libgcc.a(floatunsidf.o)
                              ./libelibc.a(stdio.o) (__floatunsidf)
/opt/riscv/lib/gcc/riscv32-unknown-elf/14.2.0/libgcc.a(fixunsdfdi.o)
                              ./libelibc.a(stdio.o) (__fixunsdfdi)
/opt/riscv/lib/gcc/riscv32-unknown-elf/14.2.0/libgcc.a(divsf3.o)
                              dhry_1.o (__divsf3)
/opt/riscv/lib/gcc/riscv32-unknown-elf/14.2.0/libgcc.a(mulsf3.o)
                              dhry_1.o (__mulsf3)
/opt/riscv/lib/gcc/riscv32-unknown-elf/14.2.0/libgcc.a(floatsisf.o)
                              dhry_1.o (__floatsisf)
/opt/riscv/lib/gcc/riscv32-unknown-elf/14.2.0/libgcc.a(extendsfdf2.o)
                              dhry_1.o (__extendsfdf2)
/opt/riscv/lib/gcc/riscv32-unknown-elf/14.2.0/libgcc.a(truncdfsf2.o)
                              dhry_1.o (__truncdfsf2)
/opt/riscv/lib/gcc/riscv32-unknown-elf/14.2.0/libgcc.a(_ashldi3.o)
                              /opt/riscv/lib/gcc/riscv32-unknown-elf/14.2.0/libgcc.a(fixunsdfdi.o) (__ashldi3)
/opt/riscv/lib/gcc/riscv32-unknown-elf/14.2.0/libgcc.a(_clz.o)
                              /opt/riscv/lib/gcc/riscv32-unknown-elf/14.2.0/libgcc.a(_udivdi3.o) (__clz_tab)
/opt/riscv/lib/gcc/riscv32-unknown-elf/14.2.0/libgcc.a(_clzsi2.o)
                              /opt/riscv/lib/gcc/riscv32-unknown-elf/14.2.0/libgcc.a(adddf3.o) (__clzsi2)

There are no discarded input sections

Memory Configuration

Name             Origin             Length             Attributes
code_ram         0x00001000         0x00007000         xr!rw
data_ram         0x00008000         0x00008000         rw!x
*default*        0x00000000         0xffffffff

Linker script and memory map

                0x00000800                        __stack_size = 0x800
                0x00002000                        __heap_size = 0x2000

.text           0x00001000     0x4974
 *(.text*)
 .text          0x00001000      0x21c dhry_1.o
                0x00001000                Proc_1
                0x00001178                Proc_2
                0x000011a8                Proc_3
                0x000011d4                Proc_4
                0x00001204                Proc_5
 .text.startup  0x0000121c      0x70c dhry_1.o
                0x0000121c                main
 .text          0x00001928      0x13c dhry_2.o
                0x00001928                Proc_6
                0x0000197c                Proc_7
                0x0000198c                Proc_8
                0x000019f4                Func_1
                0x00001a18                Func_2
                0x00001a58                Func_3
 .text          0x00001a64       0x30 ./libelibc.a(crt0.o)
                0x00001a64                crt0
 .text          0x00001a94      0xbf8 ./libelibc.a(stdio.o)
                0x00001a94                getchar
                0x00001aac                putchar
                0x00001ad8                fputs
                0x00001b68                fgets
                0x00001c30                putd
                0x00001db0                putx
                0x00001f38                putld
                0x00002248                putf
                0x00002448                printf
 .text          0x0000268c      0x2c4 ./libelibc.a(stdlib.o)
                0x0000268c                exit
                0x000026d8                malloc
                0x00002804                free
                0x00002830                calloc
                0x0000286c                atoi
                0x00002904                abs
                0x00002914                srand
                0x00002920                rand
 .text          0x00002950      0x274 ./libelibc.a(string.o)
                0x00002950                memcpy
                0x00002974                memmove
                0x000029d0                memset
                0x000029f0                strlen
                0x00002a18                strcpy
                0x00002a40                strncpy
                0x00002aa4                strcat
                0x00002ae8                strncat
                0x00002b44                strcmp
                0x00002b80                strncmp
 .text          0x00002bc4       0xd0 ./libelibc.a(time.o)
                0x00002bc4                clock
 .text          0x00002c94       0x70 ./libelibc.a(uart.o)
                0x00002c94                inbyte
                0x00002cb8                outbyte
 .text          0x00002d04      0x42c /opt/riscv/lib/gcc/riscv32-unknown-elf/14.2.0/libgcc.a(_udivdi3.o)
                0x00002d04                __udivdi3
 .text          0x00003130      0x780 /opt/riscv/lib/gcc/riscv32-unknown-elf/14.2.0/libgcc.a(adddf3.o)
                0x00003130                __adddf3
 .text          0x000038b0      0x6bc /opt/riscv/lib/gcc/riscv32-unknown-elf/14.2.0/libgcc.a(divdf3.o)
                0x000038b0                __divdf3
 .text          0x00003f6c       0xd0 /opt/riscv/lib/gcc/riscv32-unknown-elf/14.2.0/libgcc.a(ledf2.o)
                0x00003f6c                __ltdf2
                0x00003f6c                __ledf2
 .text          0x0000403c      0x5f4 /opt/riscv/lib/gcc/riscv32-unknown-elf/14.2.0/libgcc.a(muldf3.o)
                0x0000403c                __muldf3
 .text          0x00004630      0x790 /opt/riscv/lib/gcc/riscv32-unknown-elf/14.2.0/libgcc.a(subdf3.o)
                0x00004630                __subdf3
 .text          0x00004dc0       0x7c /opt/riscv/lib/gcc/riscv32-unknown-elf/14.2.0/libgcc.a(fixunsdfsi.o)
                0x00004dc0                __fixunsdfsi
 .text          0x00004e3c       0x90 /opt/riscv/lib/gcc/riscv32-unknown-elf/14.2.0/libgcc.a(floatunsidf.o)
                0x00004e3c                __floatunsidf
 .text          0x00004ecc       0xa8 /opt/riscv/lib/gcc/riscv32-unknown-elf/14.2.0/libgcc.a(fixunsdfdi.o)
                0x00004ecc                __fixunsdfdi
 .text          0x00004f74      0x31c /opt/riscv/lib/gcc/riscv32-unknown-elf/14.2.0/libgcc.a(divsf3.o)
                0x00004f74                __divsf3
 .text          0x00005290      0x31c /opt/riscv/lib/gcc/riscv32-unknown-elf/14.2.0/libgcc.a(mulsf3.o)
                0x00005290                __mulsf3
 .text          0x000055ac      0x110 /opt/riscv/lib/gcc/riscv32-unknown-elf/14.2.0/libgcc.a(floatsisf.o)
                0x000055ac                __floatsisf
 .text          0x000056bc       0xec /opt/riscv/lib/gcc/riscv32-unknown-elf/14.2.0/libgcc.a(extendsfdf2.o)
                0x000056bc                __extendsfdf2
 .text          0x000057a8      0x148 /opt/riscv/lib/gcc/riscv32-unknown-elf/14.2.0/libgcc.a(truncdfsf2.o)
                0x000057a8                __truncdfsf2
 .text          0x000058f0       0x38 /opt/riscv/lib/gcc/riscv32-unknown-elf/14.2.0/libgcc.a(_ashldi3.o)
                0x000058f0                __ashldi3
 .text          0x00005928        0x0 /opt/riscv/lib/gcc/riscv32-unknown-elf/14.2.0/libgcc.a(_clz.o)
 .text          0x00005928       0x4c /opt/riscv/lib/gcc/riscv32-unknown-elf/14.2.0/libgcc.a(_clzsi2.o)
                0x00005928                __clzsi2

.srodata.cst4   0x00005974       0x10
 .srodata.cst4  0x00005974       0x10 dhry_1.o

.srodata.cst8   0x00005988       0x28
 .srodata.cst8  0x00005988       0x28 dhry_1.o
                                 0x10 (size before relaxing)
 .srodata.cst8  0x000059b0       0x18 ./libelibc.a(stdio.o)

.srodata        0x000059b0        0x8
 .srodata       0x000059b0        0x8 ./libelibc.a(stdlib.o)

.eh_frame       0x000059b8       0x28
 .eh_frame      0x000059b8       0x28 /opt/riscv/lib/gcc/riscv32-unknown-elf/14.2.0/libgcc.a(_udivdi3.o)

.rela.dyn       0x000059e0        0x0
 .rela.sdata    0x000059e0        0x0 dhry_1.o
 .rela.srodata  0x000059e0        0x0 dhry_1.o

.data           0x00008000     0x30f8
 *(.data)
 .data          0x00008000        0x0 dhry_1.o
 .data          0x00008000        0x0 dhry_2.o
 .data          0x00008000        0x0 ./libelibc.a(crt0.o)
 .data          0x00008000        0x0 ./libelibc.a(stdio.o)
 .data          0x00008000        0x0 ./libelibc.a(stdlib.o)
 .data          0x00008000        0x0 ./libelibc.a(string.o)
 .data          0x00008000        0x0 ./libelibc.a(time.o)
 .data          0x00008000        0x0 ./libelibc.a(uart.o)
 .data          0x00008000        0x0 /opt/riscv/lib/gcc/riscv32-unknown-elf/14.2.0/libgcc.a(_udivdi3.o)
 .data          0x00008000        0x0 /opt/riscv/lib/gcc/riscv32-unknown-elf/14.2.0/libgcc.a(adddf3.o)
 .data          0x00008000        0x0 /opt/riscv/lib/gcc/riscv32-unknown-elf/14.2.0/libgcc.a(divdf3.o)
 .data          0x00008000        0x0 /opt/riscv/lib/gcc/riscv32-unknown-elf/14.2.0/libgcc.a(ledf2.o)
 .data          0x00008000        0x0 /opt/riscv/lib/gcc/riscv32-unknown-elf/14.2.0/libgcc.a(muldf3.o)
 .data          0x00008000        0x0 /opt/riscv/lib/gcc/riscv32-unknown-elf/14.2.0/libgcc.a(subdf3.o)
 .data          0x00008000        0x0 /opt/riscv/lib/gcc/riscv32-unknown-elf/14.2.0/libgcc.a(fixunsdfsi.o)
 .data          0x00008000        0x0 /opt/riscv/lib/gcc/riscv32-unknown-elf/14.2.0/libgcc.a(floatunsidf.o)
 .data          0x00008000        0x0 /opt/riscv/lib/gcc/riscv32-unknown-elf/14.2.0/libgcc.a(fixunsdfdi.o)
 .data          0x00008000        0x0 /opt/riscv/lib/gcc/riscv32-unknown-elf/14.2.0/libgcc.a(divsf3.o)
 .data          0x00008000        0x0 /opt/riscv/lib/gcc/riscv32-unknown-elf/14.2.0/libgcc.a(mulsf3.o)
 .data          0x00008000        0x0 /opt/riscv/lib/gcc/riscv32-unknown-elf/14.2.0/libgcc.a(floatsisf.o)
 .data          0x00008000        0x0 /opt/riscv/lib/gcc/riscv32-unknown-elf/14.2.0/libgcc.a(extendsfdf2.o)
 .data          0x00008000        0x0 /opt/riscv/lib/gcc/riscv32-unknown-elf/14.2.0/libgcc.a(truncdfsf2.o)
 .data          0x00008000        0x0 /opt/riscv/lib/gcc/riscv32-unknown-elf/14.2.0/libgcc.a(_ashldi3.o)
 .data          0x00008000        0x0 /opt/riscv/lib/gcc/riscv32-unknown-elf/14.2.0/libgcc.a(_clz.o)
 .data          0x00008000        0x0 /opt/riscv/lib/gcc/riscv32-unknown-elf/14.2.0/libgcc.a(_clzsi2.o)
 *(.bss)
 .bss           0x00008000     0x27d8 dhry_1.o
                0x00008000                Arr_1_Glob
                0x000080c8                Arr_2_Glob
 .bss           0x0000a7d8        0x0 dhry_2.o
 .bss           0x0000a7d8        0x0 ./libelibc.a(crt0.o)
 .bss           0x0000a7d8        0x0 ./libelibc.a(stdio.o)
 .bss           0x0000a7d8        0x0 ./libelibc.a(stdlib.o)
 .bss           0x0000a7d8        0x0 ./libelibc.a(string.o)
 .bss           0x0000a7d8        0x0 ./libelibc.a(time.o)
 .bss           0x0000a7d8        0x0 ./libelibc.a(uart.o)
 .bss           0x0000a7d8        0x0 /opt/riscv/lib/gcc/riscv32-unknown-elf/14.2.0/libgcc.a(_udivdi3.o)
 .bss           0x0000a7d8        0x0 /opt/riscv/lib/gcc/riscv32-unknown-elf/14.2.0/libgcc.a(adddf3.o)
 .bss           0x0000a7d8        0x0 /opt/riscv/lib/gcc/riscv32-unknown-elf/14.2.0/libgcc.a(divdf3.o)
 .bss           0x0000a7d8        0x0 /opt/riscv/lib/gcc/riscv32-unknown-elf/14.2.0/libgcc.a(ledf2.o)
 .bss           0x0000a7d8        0x0 /opt/riscv/lib/gcc/riscv32-unknown-elf/14.2.0/libgcc.a(muldf3.o)
 .bss           0x0000a7d8        0x0 /opt/riscv/lib/gcc/riscv32-unknown-elf/14.2.0/libgcc.a(subdf3.o)
 .bss           0x0000a7d8        0x0 /opt/riscv/lib/gcc/riscv32-unknown-elf/14.2.0/libgcc.a(fixunsdfsi.o)
 .bss           0x0000a7d8        0x0 /opt/riscv/lib/gcc/riscv32-unknown-elf/14.2.0/libgcc.a(floatunsidf.o)
 .bss           0x0000a7d8        0x0 /opt/riscv/lib/gcc/riscv32-unknown-elf/14.2.0/libgcc.a(fixunsdfdi.o)
 .bss           0x0000a7d8        0x0 /opt/riscv/lib/gcc/riscv32-unknown-elf/14.2.0/libgcc.a(divsf3.o)
 .bss           0x0000a7d8        0x0 /opt/riscv/lib/gcc/riscv32-unknown-elf/14.2.0/libgcc.a(mulsf3.o)
 .bss           0x0000a7d8        0x0 /opt/riscv/lib/gcc/riscv32-unknown-elf/14.2.0/libgcc.a(floatsisf.o)
 .bss           0x0000a7d8        0x0 /opt/riscv/lib/gcc/riscv32-unknown-elf/14.2.0/libgcc.a(extendsfdf2.o)
 .bss           0x0000a7d8        0x0 /opt/riscv/lib/gcc/riscv32-unknown-elf/14.2.0/libgcc.a(truncdfsf2.o)
 .bss           0x0000a7d8        0x0 /opt/riscv/lib/gcc/riscv32-unknown-elf/14.2.0/libgcc.a(_ashldi3.o)
 .bss           0x0000a7d8        0x0 /opt/riscv/lib/gcc/riscv32-unknown-elf/14.2.0/libgcc.a(_clz.o)
 .bss           0x0000a7d8        0x0 /opt/riscv/lib/gcc/riscv32-unknown-elf/14.2.0/libgcc.a(_clzsi2.o)
 *(.rodata*)
 .rodata.str1.4
                0x0000a7d8      0x679 dhry_1.o
                                0x5f8 (size before relaxing)
 .rodata.str1.4
                0x0000ae51       0x7d ./libelibc.a(stdio.o)
 *fill*         0x0000ae51        0x3 
 .rodata        0x0000ae54       0x84 ./libelibc.a(stdio.o)
 .rodata        0x0000aed8       0xa8 ./libelibc.a(stdlib.o)
 .rodata        0x0000af80       0x3c /opt/riscv/lib/gcc/riscv32-unknown-elf/14.2.0/libgcc.a(divdf3.o)
 .rodata        0x0000afbc       0x3c /opt/riscv/lib/gcc/riscv32-unknown-elf/14.2.0/libgcc.a(divsf3.o)
 .rodata        0x0000aff8      0x100 /opt/riscv/lib/gcc/riscv32-unknown-elf/14.2.0/libgcc.a(_clz.o)
                0x0000aff8                __clz_tab

.sdata          0x0000b0f8       0x2c
 .sdata         0x0000b0f8        0x4 ./libelibc.a(crt0.o)
                0x0000b0f8                stack_top
 .sdata         0x0000b0fc       0x1c ./libelibc.a(stdio.o)
                0x0000b0fc                stderr
                0x0000b100                stdout
                0x0000b104                stdin
 .sdata         0x0000b118        0xc ./libelibc.a(stdlib.o)

.sbss           0x0000b124       0x3c
 .sbss          0x0000b124       0x30 dhry_1.o
                0x0000b124                Vax_Mips
                0x0000b128                Dhrystones_Per_Second
                0x0000b12c                Microseconds
                0x0000b130                User_Time
                0x0000b134                End_Time
                0x0000b138                Begin_Time
                0x0000b13c                Reg
                0x0000b140                Ch_2_Glob
                0x0000b141                Ch_1_Glob
                0x0000b144                Bool_Glob
                0x0000b148                Int_Glob
                0x0000b14c                Next_Ptr_Glob
                0x0000b150                Ptr_Glob
 .sbss          0x0000b154        0x4 ./libelibc.a(crt0.o)
                0x0000b154                sp_store
 .sbss          0x0000b158        0x8 ./libelibc.a(stdio.o)

.heap           0x0000b160     0x2000
                0x0000b160                        __heap_start = .
                0x0000d160                        . = (. + __heap_size)
 *fill*         0x0000b160     0x2000 

.stack          0x0000d160      0x800
                0x0000d960                        . = (. + __stack_size)
 *fill*         0x0000d160      0x800 
                0x0000d960                        __stack_top = .
LOAD dhry_1.o
LOAD dhry_2.o
LOAD ./libelibc.a
LOAD /opt/riscv/lib/gcc/riscv32-unknown-elf/14.2.0/libgcc.a
OUTPUT(dhry.elf elf32-littleriscv)

.comment        0x00000000       0x1b
 .comment       0x00000000       0x1b dhry_1.o
                                 0x1c (size before relaxing)
 .comment       0x0000001b       0x1c dhry_2.o
 .comment       0x0000001b       0x1c ./libelibc.a(crt0.o)
 .comment       0x0000001b       0x1c ./libelibc.a(stdio.o)
 .comment       0x0000001b       0x1c ./libelibc.a(stdlib.o)
 .comment       0x0000001b       0x1c ./libelibc.a(string.o)
 .comment       0x0000001b       0x1c ./libelibc.a(time.o)
 .comment       0x0000001b       0x1c ./libelibc.a(uart.o)
 .comment       0x0000001b       0x1c /opt/riscv/lib/gcc/riscv32-unknown-elf/14.2.0/libgcc.a(_udivdi3.o)
 .comment       0x0000001b       0x1c /opt/riscv/lib/gcc/riscv32-unknown-elf/14.2.0/libgcc.a(adddf3.o)
 .comment       0x0000001b       0x1c /opt/riscv/lib/gcc/riscv32-unknown-elf/14.2.0/libgcc.a(divdf3.o)
 .comment       0x0000001b       0x1c /opt/riscv/lib/gcc/riscv32-unknown-elf/14.2.0/libgcc.a(ledf2.o)
 .comment       0x0000001b       0x1c /opt/riscv/lib/gcc/riscv32-unknown-elf/14.2.0/libgcc.a(muldf3.o)
 .comment       0x0000001b       0x1c /opt/riscv/lib/gcc/riscv32-unknown-elf/14.2.0/libgcc.a(subdf3.o)
 .comment       0x0000001b       0x1c /opt/riscv/lib/gcc/riscv32-unknown-elf/14.2.0/libgcc.a(fixunsdfsi.o)
 .comment       0x0000001b       0x1c /opt/riscv/lib/gcc/riscv32-unknown-elf/14.2.0/libgcc.a(floatunsidf.o)
 .comment       0x0000001b       0x1c /opt/riscv/lib/gcc/riscv32-unknown-elf/14.2.0/libgcc.a(fixunsdfdi.o)
 .comment       0x0000001b       0x1c /opt/riscv/lib/gcc/riscv32-unknown-elf/14.2.0/libgcc.a(divsf3.o)
 .comment       0x0000001b       0x1c /opt/riscv/lib/gcc/riscv32-unknown-elf/14.2.0/libgcc.a(mulsf3.o)
 .comment       0x0000001b       0x1c /opt/riscv/lib/gcc/riscv32-unknown-elf/14.2.0/libgcc.a(floatsisf.o)
 .comment       0x0000001b       0x1c /opt/riscv/lib/gcc/riscv32-unknown-elf/14.2.0/libgcc.a(extendsfdf2.o)
 .comment       0x0000001b       0x1c /opt/riscv/lib/gcc/riscv32-unknown-elf/14.2.0/libgcc.a(truncdfsf2.o)
 .comment       0x0000001b       0x1c /opt/riscv/lib/gcc/riscv32-unknown-elf/14.2.0/libgcc.a(_ashldi3.o)
 .comment       0x0000001b       0x1c /opt/riscv/lib/gcc/riscv32-unknown-elf/14.2.0/libgcc.a(_clz.o)
 .comment       0x0000001b       0x1c /opt/riscv/lib/gcc/riscv32-unknown-elf/14.2.0/libgcc.a(_clzsi2.o)

.note.GNU-stack
                0x00000000        0x0
 .note.GNU-stack
                0x00000000        0x0 dhry_1.o
 .note.GNU-stack
                0x00000000        0x0 dhry_2.o
 .note.GNU-stack
                0x00000000        0x0 ./libelibc.a(crt0.o)
 .note.GNU-stack
                0x00000000        0x0 ./libelibc.a(stdio.o)
 .note.GNU-stack
                0x00000000        0x0 ./libelibc.a(stdlib.o)
 .note.GNU-stack
                0x00000000        0x0 ./libelibc.a(string.o)
 .note.GNU-stack
                0x00000000        0x0 ./libelibc.a(time.o)
 .note.GNU-stack
                0x00000000        0x0 ./libelibc.a(uart.o)
 .note.GNU-stack
                0x00000000        0x0 /opt/riscv/lib/gcc/riscv32-unknown-elf/14.2.0/libgcc.a(_udivdi3.o)
 .note.GNU-stack
                0x00000000        0x0 /opt/riscv/lib/gcc/riscv32-unknown-elf/14.2.0/libgcc.a(adddf3.o)
 .note.GNU-stack
                0x00000000        0x0 /opt/riscv/lib/gcc/riscv32-unknown-elf/14.2.0/libgcc.a(divdf3.o)
 .note.GNU-stack
                0x00000000        0x0 /opt/riscv/lib/gcc/riscv32-unknown-elf/14.2.0/libgcc.a(ledf2.o)
 .note.GNU-stack
                0x00000000        0x0 /opt/riscv/lib/gcc/riscv32-unknown-elf/14.2.0/libgcc.a(muldf3.o)
 .note.GNU-stack
                0x00000000        0x0 /opt/riscv/lib/gcc/riscv32-unknown-elf/14.2.0/libgcc.a(subdf3.o)
 .note.GNU-stack
                0x00000000        0x0 /opt/riscv/lib/gcc/riscv32-unknown-elf/14.2.0/libgcc.a(fixunsdfsi.o)
 .note.GNU-stack
                0x00000000        0x0 /opt/riscv/lib/gcc/riscv32-unknown-elf/14.2.0/libgcc.a(floatunsidf.o)
 .note.GNU-stack
                0x00000000        0x0 /opt/riscv/lib/gcc/riscv32-unknown-elf/14.2.0/libgcc.a(fixunsdfdi.o)
 .note.GNU-stack
                0x00000000        0x0 /opt/riscv/lib/gcc/riscv32-unknown-elf/14.2.0/libgcc.a(divsf3.o)
 .note.GNU-stack
                0x00000000        0x0 /opt/riscv/lib/gcc/riscv32-unknown-elf/14.2.0/libgcc.a(mulsf3.o)
 .note.GNU-stack
                0x00000000        0x0 /opt/riscv/lib/gcc/riscv32-unknown-elf/14.2.0/libgcc.a(floatsisf.o)
 .note.GNU-stack
                0x00000000        0x0 /opt/riscv/lib/gcc/riscv32-unknown-elf/14.2.0/libgcc.a(extendsfdf2.o)
 .note.GNU-stack
                0x00000000        0x0 /opt/riscv/lib/gcc/riscv32-unknown-elf/14.2.0/libgcc.a(truncdfsf2.o)
 .note.GNU-stack
                0x00000000        0x0 /opt/riscv/lib/gcc/riscv32-unknown-elf/14.2.0/libgcc.a(_ashldi3.o)
 .note.GNU-stack
                0x00000000        0x0 /opt/riscv/lib/gcc/riscv32-unknown-elf/14.2.0/libgcc.a(_clz.o)
 .note.GNU-stack
                0x00000000        0x0 /opt/riscv/lib/gcc/riscv32-unknown-elf/14.2.0/libgcc.a(_clzsi2.o)

.riscv.attributes
                0x00000000       0x5b
 .riscv.attributes
                0x00000000       0x57 dhry_1.o
 .riscv.attributes
                0x00000057       0x57 dhry_2.o
 .riscv.attributes
                0x000000ae       0x57 ./libelibc.a(crt0.o)
 .riscv.attributes
                0x00000105       0x57 ./libelibc.a(stdio.o)
 .riscv.attributes
                0x0000015c       0x57 ./libelibc.a(stdlib.o)
 .riscv.attributes
                0x000001b3       0x57 ./libelibc.a(string.o)
 .riscv.attributes
                0x0000020a       0x5b ./libelibc.a(time.o)
 .riscv.attributes
                0x00000265       0x57 ./libelibc.a(uart.o)
 .riscv.attributes
                0x000002bc       0x57 /opt/riscv/lib/gcc/riscv32-unknown-elf/14.2.0/libgcc.a(_udivdi3.o)
 .riscv.attributes
                0x00000313       0x57 /opt/riscv/lib/gcc/riscv32-unknown-elf/14.2.0/libgcc.a(adddf3.o)
 .riscv.attributes
                0x0000036a       0x57 /opt/riscv/lib/gcc/riscv32-unknown-elf/14.2.0/libgcc.a(divdf3.o)
 .riscv.attributes
                0x000003c1       0x57 /opt/riscv/lib/gcc/riscv32-unknown-elf/14.2.0/libgcc.a(ledf2.o)
 .riscv.attributes
                0x00000418       0x57 /opt/riscv/lib/gcc/riscv32-unknown-elf/14.2.0/libgcc.a(muldf3.o)
 .riscv.attributes
                0x0000046f       0x57 /opt/riscv/lib/gcc/riscv32-unknown-elf/14.2.0/libgcc.a(subdf3.o)
 .riscv.attributes
                0x000004c6       0x57 /opt/riscv/lib/gcc/riscv32-unknown-elf/14.2.0/libgcc.a(fixunsdfsi.o)
 .riscv.attributes
                0x0000051d       0x57 /opt/riscv/lib/gcc/riscv32-unknown-elf/14.2.0/libgcc.a(floatunsidf.o)
 .riscv.attributes
                0x00000574       0x57 /opt/riscv/lib/gcc/riscv32-unknown-elf/14.2.0/libgcc.a(fixunsdfdi.o)
 .riscv.attributes
                0x000005cb       0x57 /opt/riscv/lib/gcc/riscv32-unknown-elf/14.2.0/libgcc.a(divsf3.o)
 .riscv.attributes
                0x00000622       0x57 /opt/riscv/lib/gcc/riscv32-unknown-elf/14.2.0/libgcc.a(mulsf3.o)
 .riscv.attributes
                0x00000679       0x57 /opt/riscv/lib/gcc/riscv32-unknown-elf/14.2.0/libgcc.a(floatsisf.o)
 .riscv.attributes
                0x000006d0       0x57 /opt/riscv/lib/gcc/riscv32-unknown-elf/14.2.0/libgcc.a(extendsfdf2.o)
 .riscv.attributes
                0x00000727       0x57 /opt/riscv/lib/gcc/riscv32-unknown-elf/14.2.0/libgcc.a(truncdfsf2.o)
 .riscv.attributes
                0x0000077e       0x57 /opt/riscv/lib/gcc/riscv32-unknown-elf/14.2.0/libgcc.a(_ashldi3.o)
 .riscv.attributes
                0x000007d5       0x57 /opt/riscv/lib/gcc/riscv32-unknown-elf/14.2.0/libgcc.a(_clz.o)
 .riscv.attributes
                0x0000082c       0x57 /opt/riscv/lib/gcc/riscv32-unknown-elf/14.2.0/libgcc.a(_clzsi2.o)

.debug_info     0x00000000     0x3814
 .debug_info    0x00000000      0x776 /opt/riscv/lib/gcc/riscv32-unknown-elf/14.2.0/libgcc.a(_udivdi3.o)
 .debug_info    0x00000776      0x4f6 /opt/riscv/lib/gcc/riscv32-unknown-elf/14.2.0/libgcc.a(adddf3.o)
 .debug_info    0x00000c6c      0x683 /opt/riscv/lib/gcc/riscv32-unknown-elf/14.2.0/libgcc.a(divdf3.o)
 .debug_info    0x000012ef      0x220 /opt/riscv/lib/gcc/riscv32-unknown-elf/14.2.0/libgcc.a(ledf2.o)
 .debug_info    0x0000150f      0x6ac /opt/riscv/lib/gcc/riscv32-unknown-elf/14.2.0/libgcc.a(muldf3.o)
 .debug_info    0x00001bbb      0x4f2 /opt/riscv/lib/gcc/riscv32-unknown-elf/14.2.0/libgcc.a(subdf3.o)
 .debug_info    0x000020ad      0x1a9 /opt/riscv/lib/gcc/riscv32-unknown-elf/14.2.0/libgcc.a(fixunsdfsi.o)
 .debug_info    0x00002256      0x25d /opt/riscv/lib/gcc/riscv32-unknown-elf/14.2.0/libgcc.a(floatunsidf.o)
 .debug_info    0x000024b3      0x1c9 /opt/riscv/lib/gcc/riscv32-unknown-elf/14.2.0/libgcc.a(fixunsdfdi.o)
 .debug_info    0x0000267c      0x360 /opt/riscv/lib/gcc/riscv32-unknown-elf/14.2.0/libgcc.a(divsf3.o)
 .debug_info    0x000029dc      0x350 /opt/riscv/lib/gcc/riscv32-unknown-elf/14.2.0/libgcc.a(mulsf3.o)
 .debug_info    0x00002d2c      0x213 /opt/riscv/lib/gcc/riscv32-unknown-elf/14.2.0/libgcc.a(floatsisf.o)
 .debug_info    0x00002f3f      0x254 /opt/riscv/lib/gcc/riscv32-unknown-elf/14.2.0/libgcc.a(extendsfdf2.o)
 .debug_info    0x00003193      0x287 /opt/riscv/lib/gcc/riscv32-unknown-elf/14.2.0/libgcc.a(truncdfsf2.o)
 .debug_info    0x0000341a      0x1b6 /opt/riscv/lib/gcc/riscv32-unknown-elf/14.2.0/libgcc.a(_ashldi3.o)
 .debug_info    0x000035d0       0xed /opt/riscv/lib/gcc/riscv32-unknown-elf/14.2.0/libgcc.a(_clz.o)
 .debug_info    0x000036bd      0x157 /opt/riscv/lib/gcc/riscv32-unknown-elf/14.2.0/libgcc.a(_clzsi2.o)

.debug_abbrev   0x00000000     0x1630
 .debug_abbrev  0x00000000      0x1a6 /opt/riscv/lib/gcc/riscv32-unknown-elf/14.2.0/libgcc.a(_udivdi3.o)
 .debug_abbrev  0x000001a6      0x186 /opt/riscv/lib/gcc/riscv32-unknown-elf/14.2.0/libgcc.a(adddf3.o)
 .debug_abbrev  0x0000032c      0x17c /opt/riscv/lib/gcc/riscv32-unknown-elf/14.2.0/libgcc.a(divdf3.o)
 .debug_abbrev  0x000004a8      0x168 /opt/riscv/lib/gcc/riscv32-unknown-elf/14.2.0/libgcc.a(ledf2.o)
 .debug_abbrev  0x00000610      0x185 /opt/riscv/lib/gcc/riscv32-unknown-elf/14.2.0/libgcc.a(muldf3.o)
 .debug_abbrev  0x00000795      0x186 /opt/riscv/lib/gcc/riscv32-unknown-elf/14.2.0/libgcc.a(subdf3.o)
 .debug_abbrev  0x0000091b      0x162 /opt/riscv/lib/gcc/riscv32-unknown-elf/14.2.0/libgcc.a(fixunsdfsi.o)
 .debug_abbrev  0x00000a7d      0x163 /opt/riscv/lib/gcc/riscv32-unknown-elf/14.2.0/libgcc.a(floatunsidf.o)
 .debug_abbrev  0x00000be0      0x15f /opt/riscv/lib/gcc/riscv32-unknown-elf/14.2.0/libgcc.a(fixunsdfdi.o)
 .debug_abbrev  0x00000d3f      0x14c /opt/riscv/lib/gcc/riscv32-unknown-elf/14.2.0/libgcc.a(divsf3.o)
 .debug_abbrev  0x00000e8b      0x15b /opt/riscv/lib/gcc/riscv32-unknown-elf/14.2.0/libgcc.a(mulsf3.o)
 .debug_abbrev  0x00000fe6      0x16d /opt/riscv/lib/gcc/riscv32-unknown-elf/14.2.0/libgcc.a(floatsisf.o)
 .debug_abbrev  0x00001153      0x15b /opt/riscv/lib/gcc/riscv32-unknown-elf/14.2.0/libgcc.a(extendsfdf2.o)
 .debug_abbrev  0x000012ae      0x13c /opt/riscv/lib/gcc/riscv32-unknown-elf/14.2.0/libgcc.a(truncdfsf2.o)
 .debug_abbrev  0x000013ea      0x10c /opt/riscv/lib/gcc/riscv32-unknown-elf/14.2.0/libgcc.a(_ashldi3.o)
 .debug_abbrev  0x000014f6       0x70 /opt/riscv/lib/gcc/riscv32-unknown-elf/14.2.0/libgcc.a(_clz.o)
 .debug_abbrev  0x00001566       0xca /opt/riscv/lib/gcc/riscv32-unknown-elf/14.2.0/libgcc.a(_clzsi2.o)

.debug_loclists
                0x00000000     0x3e30
 .debug_loclists
                0x00000000      0x6b2 /opt/riscv/lib/gcc/riscv32-unknown-elf/14.2.0/libgcc.a(_udivdi3.o)
 .debug_loclists
                0x000006b2      0xa8e /opt/riscv/lib/gcc/riscv32-unknown-elf/14.2.0/libgcc.a(adddf3.o)
 .debug_loclists
                0x00001140      0xa17 /opt/riscv/lib/gcc/riscv32-unknown-elf/14.2.0/libgcc.a(divdf3.o)
 .debug_loclists
                0x00001b57      0x117 /opt/riscv/lib/gcc/riscv32-unknown-elf/14.2.0/libgcc.a(ledf2.o)
 .debug_loclists
                0x00001c6e      0x7bb /opt/riscv/lib/gcc/riscv32-unknown-elf/14.2.0/libgcc.a(muldf3.o)
 .debug_loclists
                0x00002429      0xafd /opt/riscv/lib/gcc/riscv32-unknown-elf/14.2.0/libgcc.a(subdf3.o)
 .debug_loclists
                0x00002f26       0x72 /opt/riscv/lib/gcc/riscv32-unknown-elf/14.2.0/libgcc.a(fixunsdfsi.o)
 .debug_loclists
                0x00002f98       0xc4 /opt/riscv/lib/gcc/riscv32-unknown-elf/14.2.0/libgcc.a(floatunsidf.o)
 .debug_loclists
                0x0000305c      0x122 /opt/riscv/lib/gcc/riscv32-unknown-elf/14.2.0/libgcc.a(fixunsdfdi.o)
 .debug_loclists
                0x0000317e      0x3c2 /opt/riscv/lib/gcc/riscv32-unknown-elf/14.2.0/libgcc.a(divsf3.o)
 .debug_loclists
                0x00003540      0x337 /opt/riscv/lib/gcc/riscv32-unknown-elf/14.2.0/libgcc.a(mulsf3.o)
 .debug_loclists
                0x00003877      0x191 /opt/riscv/lib/gcc/riscv32-unknown-elf/14.2.0/libgcc.a(floatsisf.o)
 .debug_loclists
                0x00003a08      0x131 /opt/riscv/lib/gcc/riscv32-unknown-elf/14.2.0/libgcc.a(extendsfdf2.o)
 .debug_loclists
                0x00003b39      0x248 /opt/riscv/lib/gcc/riscv32-unknown-elf/14.2.0/libgcc.a(truncdfsf2.o)
 .debug_loclists
                0x00003d81       0x6b /opt/riscv/lib/gcc/riscv32-unknown-elf/14.2.0/libgcc.a(_ashldi3.o)
 .debug_loclists
                0x00003dec       0x44 /opt/riscv/lib/gcc/riscv32-unknown-elf/14.2.0/libgcc.a(_clzsi2.o)

.debug_aranges  0x00000000      0x218
 .debug_aranges
                0x00000000       0x20 /opt/riscv/lib/gcc/riscv32-unknown-elf/14.2.0/libgcc.a(_udivdi3.o)
 .debug_aranges
                0x00000020       0x20 /opt/riscv/lib/gcc/riscv32-unknown-elf/14.2.0/libgcc.a(adddf3.o)
 .debug_aranges
                0x00000040       0x20 /opt/riscv/lib/gcc/riscv32-unknown-elf/14.2.0/libgcc.a(divdf3.o)
 .debug_aranges
                0x00000060       0x20 /opt/riscv/lib/gcc/riscv32-unknown-elf/14.2.0/libgcc.a(ledf2.o)
 .debug_aranges
                0x00000080       0x20 /opt/riscv/lib/gcc/riscv32-unknown-elf/14.2.0/libgcc.a(muldf3.o)
 .debug_aranges
                0x000000a0       0x20 /opt/riscv/lib/gcc/riscv32-unknown-elf/14.2.0/libgcc.a(subdf3.o)
 .debug_aranges
                0x000000c0       0x20 /opt/riscv/lib/gcc/riscv32-unknown-elf/14.2.0/libgcc.a(fixunsdfsi.o)
 .debug_aranges
                0x000000e0       0x20 /opt/riscv/lib/gcc/riscv32-unknown-elf/14.2.0/libgcc.a(floatunsidf.o)
 .debug_aranges
                0x00000100       0x20 /opt/riscv/lib/gcc/riscv32-unknown-elf/14.2.0/libgcc.a(fixunsdfdi.o)
 .debug_aranges
                0x00000120       0x20 /opt/riscv/lib/gcc/riscv32-unknown-elf/14.2.0/libgcc.a(divsf3.o)
 .debug_aranges
                0x00000140       0x20 /opt/riscv/lib/gcc/riscv32-unknown-elf/14.2.0/libgcc.a(mulsf3.o)
 .debug_aranges
                0x00000160       0x20 /opt/riscv/lib/gcc/riscv32-unknown-elf/14.2.0/libgcc.a(floatsisf.o)
 .debug_aranges
                0x00000180       0x20 /opt/riscv/lib/gcc/riscv32-unknown-elf/14.2.0/libgcc.a(extendsfdf2.o)
 .debug_aranges
                0x000001a0       0x20 /opt/riscv/lib/gcc/riscv32-unknown-elf/14.2.0/libgcc.a(truncdfsf2.o)
 .debug_aranges
                0x000001c0       0x20 /opt/riscv/lib/gcc/riscv32-unknown-elf/14.2.0/libgcc.a(_ashldi3.o)
 .debug_aranges
                0x000001e0       0x18 /opt/riscv/lib/gcc/riscv32-unknown-elf/14.2.0/libgcc.a(_clz.o)
 .debug_aranges
                0x000001f8       0x20 /opt/riscv/lib/gcc/riscv32-unknown-elf/14.2.0/libgcc.a(_clzsi2.o)

.debug_rnglists
                0x00000000      0x68f
 .debug_rnglists
                0x00000000       0x8f /opt/riscv/lib/gcc/riscv32-unknown-elf/14.2.0/libgcc.a(_udivdi3.o)
 .debug_rnglists
                0x0000008f       0xf2 /opt/riscv/lib/gcc/riscv32-unknown-elf/14.2.0/libgcc.a(adddf3.o)
 .debug_rnglists
                0x00000181       0xce /opt/riscv/lib/gcc/riscv32-unknown-elf/14.2.0/libgcc.a(divdf3.o)
 .debug_rnglists
                0x0000024f       0x33 /opt/riscv/lib/gcc/riscv32-unknown-elf/14.2.0/libgcc.a(ledf2.o)
 .debug_rnglists
                0x00000282      0x149 /opt/riscv/lib/gcc/riscv32-unknown-elf/14.2.0/libgcc.a(muldf3.o)
 .debug_rnglists
                0x000003cb       0xf2 /opt/riscv/lib/gcc/riscv32-unknown-elf/14.2.0/libgcc.a(subdf3.o)
 .debug_rnglists
                0x000004bd       0x16 /opt/riscv/lib/gcc/riscv32-unknown-elf/14.2.0/libgcc.a(fixunsdfsi.o)
 .debug_rnglists
                0x000004d3       0x2d /opt/riscv/lib/gcc/riscv32-unknown-elf/14.2.0/libgcc.a(floatunsidf.o)
 .debug_rnglists
                0x00000500       0x21 /opt/riscv/lib/gcc/riscv32-unknown-elf/14.2.0/libgcc.a(fixunsdfdi.o)
 .debug_rnglists
                0x00000521       0x68 /opt/riscv/lib/gcc/riscv32-unknown-elf/14.2.0/libgcc.a(divsf3.o)
 .debug_rnglists
                0x00000589       0x63 /opt/riscv/lib/gcc/riscv32-unknown-elf/14.2.0/libgcc.a(mulsf3.o)
 .debug_rnglists
                0x000005ec       0x49 /opt/riscv/lib/gcc/riscv32-unknown-elf/14.2.0/libgcc.a(floatsisf.o)
 .debug_rnglists
                0x00000635       0x1d /opt/riscv/lib/gcc/riscv32-unknown-elf/14.2.0/libgcc.a(extendsfdf2.o)
 .debug_rnglists
                0x00000652       0x27 /opt/riscv/lib/gcc/riscv32-unknown-elf/14.2.0/libgcc.a(truncdfsf2.o)
 .debug_rnglists
                0x00000679       0x16 /opt/riscv/lib/gcc/riscv32-unknown-elf/14.2.0/libgcc.a(_clzsi2.o)

.debug_line     0x00000000     0x78da
 .debug_line    0x00000000      0x97b /opt/riscv/lib/gcc/riscv32-unknown-elf/14.2.0/libgcc.a(_udivdi3.o)
 .debug_line    0x0000097b     0x1377 /opt/riscv/lib/gcc/riscv32-unknown-elf/14.2.0/libgcc.a(adddf3.o)
 .debug_line    0x00001cf2     0x110e /opt/riscv/lib/gcc/riscv32-unknown-elf/14.2.0/libgcc.a(divdf3.o)
 .debug_line    0x00002e00      0x347 /opt/riscv/lib/gcc/riscv32-unknown-elf/14.2.0/libgcc.a(ledf2.o)
 .debug_line    0x00003147      0xf02 /opt/riscv/lib/gcc/riscv32-unknown-elf/14.2.0/libgcc.a(muldf3.o)
 .debug_line    0x00004049     0x1384 /opt/riscv/lib/gcc/riscv32-unknown-elf/14.2.0/libgcc.a(subdf3.o)
 .debug_line    0x000053cd      0x1bb /opt/riscv/lib/gcc/riscv32-unknown-elf/14.2.0/libgcc.a(fixunsdfsi.o)
 .debug_line    0x00005588      0x223 /opt/riscv/lib/gcc/riscv32-unknown-elf/14.2.0/libgcc.a(floatunsidf.o)
 .debug_line    0x000057ab      0x251 /opt/riscv/lib/gcc/riscv32-unknown-elf/14.2.0/libgcc.a(fixunsdfdi.o)
 .debug_line    0x000059fc      0x8cd /opt/riscv/lib/gcc/riscv32-unknown-elf/14.2.0/libgcc.a(divsf3.o)
 .debug_line    0x000062c9      0x810 /opt/riscv/lib/gcc/riscv32-unknown-elf/14.2.0/libgcc.a(mulsf3.o)
 .debug_line    0x00006ad9      0x37a /opt/riscv/lib/gcc/riscv32-unknown-elf/14.2.0/libgcc.a(floatsisf.o)
 .debug_line    0x00006e53      0x3a3 /opt/riscv/lib/gcc/riscv32-unknown-elf/14.2.0/libgcc.a(extendsfdf2.o)
 .debug_line    0x000071f6      0x4c3 /opt/riscv/lib/gcc/riscv32-unknown-elf/14.2.0/libgcc.a(truncdfsf2.o)
 .debug_line    0x000076b9      0x107 /opt/riscv/lib/gcc/riscv32-unknown-elf/14.2.0/libgcc.a(_ashldi3.o)
 .debug_line    0x000077c0       0x3f /opt/riscv/lib/gcc/riscv32-unknown-elf/14.2.0/libgcc.a(_clz.o)
 .debug_line    0x000077ff       0xdb /opt/riscv/lib/gcc/riscv32-unknown-elf/14.2.0/libgcc.a(_clzsi2.o)

.debug_str      0x00000000      0x92f
 .debug_str     0x00000000      0x92f /opt/riscv/lib/gcc/riscv32-unknown-elf/14.2.0/libgcc.a(_udivdi3.o)
                                0x27d (size before relaxing)
 .debug_str     0x0000092f      0x2b7 /opt/riscv/lib/gcc/riscv32-unknown-elf/14.2.0/libgcc.a(adddf3.o)
 .debug_str     0x0000092f      0x379 /opt/riscv/lib/gcc/riscv32-unknown-elf/14.2.0/libgcc.a(divdf3.o)
 .debug_str     0x0000092f      0x1ed /opt/riscv/lib/gcc/riscv32-unknown-elf/14.2.0/libgcc.a(ledf2.o)
 .debug_str     0x0000092f      0x3d1 /opt/riscv/lib/gcc/riscv32-unknown-elf/14.2.0/libgcc.a(muldf3.o)
 .debug_str     0x0000092f      0x2b7 /opt/riscv/lib/gcc/riscv32-unknown-elf/14.2.0/libgcc.a(subdf3.o)
 .debug_str     0x0000092f      0x1c0 /opt/riscv/lib/gcc/riscv32-unknown-elf/14.2.0/libgcc.a(fixunsdfsi.o)
 .debug_str     0x0000092f      0x25c /opt/riscv/lib/gcc/riscv32-unknown-elf/14.2.0/libgcc.a(floatunsidf.o)
 .debug_str     0x0000092f      0x1ca /opt/riscv/lib/gcc/riscv32-unknown-elf/14.2.0/libgcc.a(fixunsdfdi.o)
 .debug_str     0x0000092f      0x2e4 /opt/riscv/lib/gcc/riscv32-unknown-elf/14.2.0/libgcc.a(divsf3.o)
 .debug_str     0x0000092f      0x29f /opt/riscv/lib/gcc/riscv32-unknown-elf/14.2.0/libgcc.a(mulsf3.o)
 .debug_str     0x0000092f      0x242 /opt/riscv/lib/gcc/riscv32-unknown-elf/14.2.0/libgcc.a(floatsisf.o)
 .debug_str     0x0000092f      0x1ed /opt/riscv/lib/gcc/riscv32-unknown-elf/14.2.0/libgcc.a(extendsfdf2.o)
 .debug_str     0x0000092f      0x243 /opt/riscv/lib/gcc/riscv32-unknown-elf/14.2.0/libgcc.a(truncdfsf2.o)
 .debug_str     0x0000092f      0x207 /opt/riscv/lib/gcc/riscv32-unknown-elf/14.2.0/libgcc.a(_ashldi3.o)
 .debug_str     0x0000092f      0x1ca /opt/riscv/lib/gcc/riscv32-unknown-elf/14.2.0/libgcc.a(_clz.o)
 .debug_str     0x0000092f      0x1e7 /opt/riscv/lib/gcc/riscv32-unknown-elf/14.2.0/libgcc.a(_clzsi2.o)

.debug_line_str
                0x00000000      0x2fe
 .debug_line_str
                0x00000000      0x2fe /opt/riscv/lib/gcc/riscv32-unknown-elf/14.2.0/libgcc.a(_udivdi3.o)
                                0x116 (size before relaxing)
 .debug_line_str
                0x000002fe      0x122 /opt/riscv/lib/gcc/riscv32-unknown-elf/14.2.0/libgcc.a(adddf3.o)
 .debug_line_str
                0x000002fe      0x12c /opt/riscv/lib/gcc/riscv32-unknown-elf/14.2.0/libgcc.a(divdf3.o)
 .debug_line_str
                0x000002fe      0x12f /opt/riscv/lib/gcc/riscv32-unknown-elf/14.2.0/libgcc.a(ledf2.o)
 .debug_line_str
                0x000002fe      0x12c /opt/riscv/lib/gcc/riscv32-unknown-elf/14.2.0/libgcc.a(muldf3.o)
 .debug_line_str
                0x000002fe      0x122 /opt/riscv/lib/gcc/riscv32-unknown-elf/14.2.0/libgcc.a(subdf3.o)
 .debug_line_str
                0x000002fe      0x138 /opt/riscv/lib/gcc/riscv32-unknown-elf/14.2.0/libgcc.a(fixunsdfsi.o)
 .debug_line_str
                0x000002fe      0x13b /opt/riscv/lib/gcc/riscv32-unknown-elf/14.2.0/libgcc.a(floatunsidf.o)
 .debug_line_str
                0x000002fe      0x138 /opt/riscv/lib/gcc/riscv32-unknown-elf/14.2.0/libgcc.a(fixunsdfdi.o)
 .debug_line_str
                0x000002fe      0x122 /opt/riscv/lib/gcc/riscv32-unknown-elf/14.2.0/libgcc.a(divsf3.o)
 .debug_line_str
                0x000002fe      0x12c /opt/riscv/lib/gcc/riscv32-unknown-elf/14.2.0/libgcc.a(mulsf3.o)
 .debug_line_str
                0x000002fe      0x135 /opt/riscv/lib/gcc/riscv32-unknown-elf/14.2.0/libgcc.a(floatsisf.o)
 .debug_line_str
                0x000002fe      0x13a /opt/riscv/lib/gcc/riscv32-unknown-elf/14.2.0/libgcc.a(extendsfdf2.o)
 .debug_line_str
                0x000002fe      0x137 /opt/riscv/lib/gcc/riscv32-unknown-elf/14.2.0/libgcc.a(truncdfsf2.o)
 .debug_line_str
                0x000002fe      0x116 /opt/riscv/lib/gcc/riscv32-unknown-elf/14.2.0/libgcc.a(_ashldi3.o)
 .debug_line_str
                0x000002fe      0x116 /opt/riscv/lib/gcc/riscv32-unknown-elf/14.2.0/libgcc.a(_clz.o)
 .debug_line_str
                0x000002fe      0x116 /opt/riscv/lib/gcc/riscv32-unknown-elf/14.2.0/libgcc.a(_clzsi2.o)

.debug_frame    0x00000000      0x368
 .debug_frame   0x00000000       0x4c /opt/riscv/lib/gcc/riscv32-unknown-elf/14.2.0/libgcc.a(adddf3.o)
 .debug_frame   0x0000004c       0x5c /opt/riscv/lib/gcc/riscv32-unknown-elf/14.2.0/libgcc.a(divdf3.o)
 .debug_frame   0x000000a8       0x20 /opt/riscv/lib/gcc/riscv32-unknown-elf/14.2.0/libgcc.a(ledf2.o)
 .debug_frame   0x000000c8       0x5c /opt/riscv/lib/gcc/riscv32-unknown-elf/14.2.0/libgcc.a(muldf3.o)
 .debug_frame   0x00000124       0x4c /opt/riscv/lib/gcc/riscv32-unknown-elf/14.2.0/libgcc.a(subdf3.o)
 .debug_frame   0x00000170       0x20 /opt/riscv/lib/gcc/riscv32-unknown-elf/14.2.0/libgcc.a(fixunsdfsi.o)
 .debug_frame   0x00000190       0x3c /opt/riscv/lib/gcc/riscv32-unknown-elf/14.2.0/libgcc.a(floatunsidf.o)
 .debug_frame   0x000001cc       0x2c /opt/riscv/lib/gcc/riscv32-unknown-elf/14.2.0/libgcc.a(fixunsdfdi.o)
 .debug_frame   0x000001f8       0x4c /opt/riscv/lib/gcc/riscv32-unknown-elf/14.2.0/libgcc.a(divsf3.o)
 .debug_frame   0x00000244       0x4c /opt/riscv/lib/gcc/riscv32-unknown-elf/14.2.0/libgcc.a(mulsf3.o)
 .debug_frame   0x00000290       0x38 /opt/riscv/lib/gcc/riscv32-unknown-elf/14.2.0/libgcc.a(floatsisf.o)
 .debug_frame   0x000002c8       0x40 /opt/riscv/lib/gcc/riscv32-unknown-elf/14.2.0/libgcc.a(extendsfdf2.o)
 .debug_frame   0x00000308       0x20 /opt/riscv/lib/gcc/riscv32-unknown-elf/14.2.0/libgcc.a(truncdfsf2.o)
 .debug_frame   0x00000328       0x20 /opt/riscv/lib/gcc/riscv32-unknown-elf/14.2.0/libgcc.a(_ashldi3.o)
 .debug_frame   0x00000348       0x20 /opt/riscv/lib/gcc/riscv32-unknown-elf/14.2.0/libgcc.a(_clzsi2.o)
