#-----------------------------------------------------------
# Vivado v2024.1 (64-bit)
# SW Build 5076996 on Wed May 22 18:36:09 MDT 2024
# IP Build 5075265 on Wed May 22 21:45:21 MDT 2024
# SharedData Build 5076995 on Wed May 22 18:29:18 MDT 2024
# Start of session at: Tue Jan 14 09:54:05 2025
# Process ID: 267552
# Current directory: /home/kuoth/school/mp/hw5/hw5_111550105/aquila_mpd/aquila_mpd.runs/async_fifo_addr_synth_1
# Command line: vivado -log async_fifo_addr.vds -product Vivado -mode batch -messageDb vivado.pb -notrace -source async_fifo_addr.tcl
# Log file: /home/kuoth/school/mp/hw5/hw5_111550105/aquila_mpd/aquila_mpd.runs/async_fifo_addr_synth_1/async_fifo_addr.vds
# Journal file: /home/kuoth/school/mp/hw5/hw5_111550105/aquila_mpd/aquila_mpd.runs/async_fifo_addr_synth_1/vivado.jou
# Running On        :kuoth-VivoBook
# Platform          :Ubuntu
# Operating System  :Ubuntu 22.04.5 LTS
# Processor Detail  :12th Gen Intel(R) Core(TM) i5-12500H
# CPU Frequency     :3700.000 MHz
# CPU Physical cores:12
# CPU Logical cores :16
# Host memory       :16369 MB
# Swap memory       :2147 MB
# Total Virtual     :18517 MB
# Available Virtual :12256 MB
#-----------------------------------------------------------
source async_fifo_addr.tcl -notrace
